Completion Test Log:


=== Iteration 100 ===

Insertion Probability: 0.7308
[2025-02-11T09:24:06.120Z] [ACTION] All tasks deleted, database reset.
[2025-02-11T09:24:06.123Z] [ACTION] Inserted task: title: >srkZH|n!'Q8s=qP (ID: 1)
[2025-02-11T09:24:06.127Z] [ACTION] Inserted task: title: |?h^Ii]@\gI!&znG (ID: 2)
[2025-02-11T09:24:06.133Z] [ACTION] Inserted task: title: &011.32}q( (ID: 3)
[2025-02-11T09:24:06.138Z] [ACTION] Inserted task: title: YhG-{Zq?}vxco%+)~g (ID: 4)
[2025-02-11T09:24:06.144Z] [ACTION] Deleted task: title: >srkZH|n!'Q8s=qP (ID: 1)
[2025-02-11T09:24:06.149Z] [ACTION] Inserted task: title: K6Oz|FZ!vTeGzT)v (ID: 4)
[2025-02-11T09:24:06.154Z] [ACTION] Inserted task: title: 9d)n}~#|[TwmNFX (ID: 5)
[2025-02-11T09:24:06.160Z] [ACTION] Inserted task: title: yEgX<)yJ#Ie_?[60b+[a (ID: 6)
[2025-02-11T09:24:06.166Z] [ACTION] Inserted task: title: /D%2 (ID: 7)
[2025-02-11T09:24:06.172Z] [ACTION] Inserted task: title: zs%9ky4:S.^1fO@Gdk^q (ID: 8)
[2025-02-11T09:24:06.178Z] [ACTION] Inserted task: title: -&9~znu]FYBh\Tvh (ID: 9)
[2025-02-11T09:24:06.184Z] [ACTION] Inserted task: title: p`+%.u$Ff)-h_Oz!]G3 (ID: 10)
[2025-02-11T09:24:06.190Z] [ACTION] Inserted task: title: -(nu#,m( (ID: 11)
[2025-02-11T09:24:06.196Z] [ACTION] Inserted task: title: % (ID: 12)
[2025-02-11T09:24:06.201Z] [ACTION] Inserted task: title: ,na;L (ID: 13)
[2025-02-11T09:24:06.206Z] [ACTION] Inserted task: title: g!"^|_V)ua`Yt, (ID: 14)
[2025-02-11T09:24:06.211Z] [ACTION] Inserted task: title: lyW 4K4vp:|wg (ID: 15)
[2025-02-11T09:24:06.216Z] [ACTION] Inserted task: title: >==<~AIxpz1yy (ID: 16)
[2025-02-11T09:24:06.221Z] [ACTION] Deleted task: title: % (ID: 12)
[2025-02-11T09:24:06.225Z] [ACTION] Deleted task: title: yEgX<)yJ#Ie_?[60b+[a (ID: 6)
[2025-02-11T09:24:06.230Z] [ACTION] Deleted task: title: -(nu#,m( (ID: 11)
[2025-02-11T09:24:06.235Z] [ACTION] Inserted task: title: xwdF>d1F (ID: 14)
[2025-02-11T09:24:06.241Z] [ACTION] Deleted task: title: lyW 4K4vp:|wg (ID: 15)
[2025-02-11T09:24:06.245Z] [ACTION] Inserted task: title: kWD%J~ (ID: 14)
[2025-02-11T09:24:06.250Z] [ACTION] Deleted task: title: /D%2 (ID: 7)
[2025-02-11T09:24:06.254Z] [ACTION] Inserted task: title: gYS9>c*:cT (ID: 14)
[2025-02-11T09:24:06.259Z] [ACTION] Inserted task: title: NQZ?WNqV" (ID: 15)
[2025-02-11T09:24:06.264Z] [ACTION] Inserted task: title: A'TO:w@8kc (ID: 16)
[2025-02-11T09:24:06.269Z] [ACTION] Inserted task: title: 6-v^P3xL (ID: 17)
[2025-02-11T09:24:06.275Z] [ACTION] Inserted task: title: fW} (ID: 18)
[2025-02-11T09:24:06.281Z] [ACTION] Inserted task: title: QQ[$)7*N^U N/ (ID: 19)
[2025-02-11T09:24:06.290Z] [ACTION] Inserted task: title: re\OKFg6'[)r_ (ID: 20)
[2025-02-11T09:24:06.296Z] [ACTION] Deleted task: title: fW} (ID: 18)
[2025-02-11T09:24:06.300Z] [ACTION] Inserted task: title: _ (ID: 20)
[2025-02-11T09:24:06.305Z] [ACTION] Inserted task: title: T,;M (ID: 21)
[2025-02-11T09:24:06.310Z] [ACTION] Inserted task: title: 6i,pC(Aj:r (ID: 22)
[2025-02-11T09:24:06.315Z] [ACTION] Inserted task: title: d}[& (ID: 23)
[2025-02-11T09:24:06.320Z] [ACTION] Inserted task: title: rY6==Mp/Y.r7c0z- (ID: 24)
[2025-02-11T09:24:06.326Z] [ACTION] Inserted task: title: P (ID: 25)
[2025-02-11T09:24:06.331Z] [ACTION] Inserted task: title: 9ZW~*dH (ID: 26)
[2025-02-11T09:24:06.336Z] [ACTION] Deleted task: title: YhG-{Zq?}vxco%+)~g (ID: 4)
[2025-02-11T09:24:06.340Z] [ACTION] Inserted task: title: W7/Mt (ID: 26)
[2025-02-11T09:24:06.345Z] [ACTION] Inserted task: title: kI-0OU|\'FsL0 (ID: 27)
[2025-02-11T09:24:06.349Z] [ACTION] Deleted task: title: zs%9ky4:S.^1fO@Gdk^q (ID: 8)
[2025-02-11T09:24:06.354Z] [ACTION] Inserted task: title: ISb}tMeY`d (ID: 27)
[2025-02-11T09:24:06.359Z] [ACTION] Deleted task: title: 9ZW~*dH (ID: 26)
[2025-02-11T09:24:06.364Z] [ACTION] Deleted task: title: p`+%.u$Ff)-h_Oz!]G3 (ID: 10)
[2025-02-11T09:24:06.369Z] [ACTION] Deleted task: title: 6-v^P3xL (ID: 17)
[2025-02-11T09:24:06.375Z] [ACTION] Deleted task: title: rY6==Mp/Y.r7c0z- (ID: 24)
[2025-02-11T09:24:06.380Z] [ACTION] Inserted task: title: r (ID: 24)
[2025-02-11T09:24:06.385Z] [ACTION] Inserted task: title: iC'_{ (ID: 25)
[2025-02-11T09:24:06.392Z] [ACTION] Inserted task: title: h.OG}1Vw% (ID: 26)
[2025-02-11T09:24:06.399Z] [ACTION] Inserted task: title: 3{7X (ID: 27)
[2025-02-11T09:24:06.408Z] [ACTION] Inserted task: title: =nT$|$el*{>i (ID: 28)
[2025-02-11T09:24:06.413Z] [ACTION] Inserted task: title: vKQVhg6Dt} (ID: 29)
[2025-02-11T09:24:06.420Z] [ACTION] Inserted task: title: :C.VX`~ (ID: 30)
[2025-02-11T09:24:06.426Z] [ACTION] Deleted task: title: g!"^|_V)ua`Yt, (ID: 14)
[2025-02-11T09:24:06.432Z] [ACTION] Inserted task: title: 93X\BU>,XA% (ID: 30)
[2025-02-11T09:24:06.438Z] [ACTION] Inserted task: title: <}OuzOQ!SAno"gJW~ (ID: 31)
[2025-02-11T09:24:06.445Z] [ACTION] Deleted task: title: W7/Mt (ID: 26)
[2025-02-11T09:24:06.451Z] [ACTION] Inserted task: title: INB (ID: 31)
[2025-02-11T09:24:06.457Z] [ACTION] Inserted task: title: LDk\&4>f:2/$?9vg (ID: 32)
[2025-02-11T09:24:06.463Z] [ACTION] Inserted task: title: 9Rwf%]d!nV$4k (ID: 33)
[2025-02-11T09:24:06.469Z] [ACTION] Deleted task: title: r (ID: 24)
[2025-02-11T09:24:06.476Z] [ACTION] Inserted task: title: =f+ zW0@FaR (ID: 33)
[2025-02-11T09:24:06.481Z] [ACTION] Deleted task: title: K6Oz|FZ!vTeGzT)v (ID: 4)
[2025-02-11T09:24:06.487Z] [ACTION] Deleted task: title: T,;M (ID: 21)
[2025-02-11T09:24:06.496Z] [ACTION] Inserted task: title: D&dSIgS.d' (ID: 32)
[2025-02-11T09:24:06.505Z] [ACTION] Inserted task: title: R/i"z~ (ID: 33)
[2025-02-11T09:24:06.512Z] [ACTION] Inserted task: title: _lOh (ID: 34)
[2025-02-11T09:24:06.520Z] [ACTION] Inserted task: title: j'1 (ID: 35)
[2025-02-11T09:24:06.526Z] [ACTION] Inserted task: title: z (ID: 36)
[2025-02-11T09:24:06.532Z] [ACTION] Inserted task: title: ;OG>1fpIcd4 (ID: 37)
[2025-02-11T09:24:06.537Z] [ACTION] Inserted task: title: mID.#clVN_trB (ID: 38)
[2025-02-11T09:24:06.542Z] [ACTION] Inserted task: title: )D[Teh|s (ID: 39)
[2025-02-11T09:24:06.548Z] [ACTION] Inserted task: title: [[){(2XKx*?=M (ID: 40)
[2025-02-11T09:24:06.554Z] [ACTION] Inserted task: title: Y+pG7X (ID: 41)
[2025-02-11T09:24:06.559Z] [ACTION] Inserted task: title: `46Mwj%qn69q_5j7(m" (ID: 42)
[2025-02-11T09:24:06.564Z] [ACTION] Inserted task: title: HOHQXWV;6, th{ (ID: 43)
[2025-02-11T09:24:06.570Z] [ACTION] Inserted task: title: VFs (ID: 44)
[2025-02-11T09:24:06.575Z] [ACTION] Deleted task: title: QQ[$)7*N^U N/ (ID: 19)
[2025-02-11T09:24:06.580Z] [ACTION] Inserted task: title: VK-#C (ID: 44)
[2025-02-11T09:24:06.586Z] [ACTION] Inserted task: title: "$]\V^<gUgCP,N (ID: 45)
[2025-02-11T09:24:06.591Z] [ACTION] Deleted task: title: ISb}tMeY`d (ID: 27)
[2025-02-11T09:24:06.596Z] [ACTION] Inserted task: title: /.%O\P[v0'98 CqkH (ID: 45)
[2025-02-11T09:24:06.602Z] [ACTION] Inserted task: title: K+Y75GY w=LUv (ID: 46)
[2025-02-11T09:24:06.607Z] [ACTION] Deleted task: title: _ (ID: 20)
[2025-02-11T09:24:06.612Z] [ACTION] Inserted task: title: vW 3x (ID: 46)
[2025-02-11T09:24:06.616Z] [ACTION] Deleted task: title: 9Rwf%]d!nV$4k (ID: 33)
[2025-02-11T09:24:06.621Z] [ACTION] Inserted task: title: %x|r!^ij^hlJ!o5pnh/& (ID: 46)
[2025-02-11T09:24:06.627Z] [ACTION] Deleted task: title: )D[Teh|s (ID: 39)
[2025-02-11T09:24:06.631Z] [ACTION] Inserted task: title: Kl (ID: 46)
[2025-02-11T09:24:06.645Z] [ACTION] Deleted task: title: -&9~znu]FYBh\Tvh (ID: 9)
[2025-02-11T09:24:06.651Z] [ACTION] Inserted task: title: V*MM#_eY~:@mHL] (ID: 46)
[2025-02-11T09:24:06.657Z] [ACTION] Inserted task: title: J'=<D6bwB@bWa3dCnQ (ID: 47)
[2025-02-11T09:24:06.663Z] [ACTION] Inserted task: title: XX*|CKs3,-!kv4Umc\ (ID: 48)
[2025-02-11T09:24:06.668Z] [ACTION] Deleted task: title: h.OG}1Vw% (ID: 26)
[2025-02-11T09:24:06.672Z] [ACTION] Inserted task: title: QqloEs,7azs?n!>2Qu`A (ID: 48)
[2025-02-11T09:24:06.678Z] [ACTION] Inserted task: title: H8Mo9vtaQbtNJ$' (ID: 49)
[2025-02-11T09:24:06.685Z] [ACTION] Inserted task: title: |M'RCF,gWg$-qpH )2 (ID: 50)
[2025-02-11T09:24:06.692Z] [ACTION] Inserted task: title: :}q6"3/zv8}P~A= (ID: 51)
[2025-02-11T09:24:06.698Z] [ACTION] Deleted task: title: mID.#clVN_trB (ID: 38)
[2025-02-11T09:24:06.703Z] [ACTION] Deleted task: title: <}OuzOQ!SAno"gJW~ (ID: 31)
[2025-02-11T09:24:06.709Z] [ACTION] Inserted task: title: GJA&v|Uk;9vX27{4e]b~ (ID: 50)
[2025-02-11T09:24:06.718Z] [ACTION] Inserted task: title: L (ID: 51)
[2025-02-11T09:24:06.724Z] [ACTION] Inserted task: title: Ufz7ak (ID: 52)
[2025-02-11T09:24:06.729Z] [ACTION] Deleted task: title: gYS9>c*:cT (ID: 14)
[2025-02-11T09:24:06.734Z] [ACTION] Deleted task: title: >==<~AIxpz1yy (ID: 16)
[2025-02-11T09:24:06.740Z] [ACTION] Inserted task: title: iF;_]W7g(MyF4rR (ID: 51)
[2025-02-11T09:24:06.745Z] [ACTION] Inserted task: title: tlclA\S-10w8!~aRh\p (ID: 52)
[2025-02-11T09:24:06.751Z] [ACTION] Deleted task: title: J'=<D6bwB@bWa3dCnQ (ID: 47)
[2025-02-11T09:24:06.756Z] [ACTION] Inserted task: title: VVqdlr~; (ID: 52)
[2025-02-11T09:24:06.762Z] [ACTION] Inserted task: title: ( (ID: 53)
[2025-02-11T09:24:06.768Z] [ACTION] Deleted task: title: z (ID: 36)
[2025-02-11T09:24:06.772Z] [ACTION] Deleted task: title: A'TO:w@8kc (ID: 16)
[2025-02-11T09:24:06.777Z] [ACTION] Inserted task: title: iO(zp<. (ID: 52)
[2025-02-11T09:24:06.781Z] [ACTION] Inserted task: title: OTVcuI (ID: 53)
[2025-02-11T09:24:06.787Z] [ACTION] Inserted task: title: [\''J`x.oOk=XbGp (ID: 54)
[2025-02-11T09:24:06.794Z] [ACTION] Inserted task: title: qOaV&NdB4-[H$fG'E0F (ID: 55)
[2025-02-11T09:24:06.799Z] [ACTION] Inserted task: title: ZY}S[#[I{Qif (ID: 56)
[2025-02-11T09:24:06.805Z] [ACTION] Inserted task: title: cM2$i)k`\`t (ID: 57)
[2025-02-11T09:24:06.811Z] [ACTION] Inserted task: title: +v>qY@ (ID: 58)
[2025-02-11T09:24:06.817Z] [ACTION] Inserted task: title: fG (ID: 59)
[2025-02-11T09:24:06.823Z] [ACTION] Inserted task: title: oN!pIB#UZ(#X~}oQ (ID: 60)
[2025-02-11T09:24:06.829Z] [ACTION] Deleted task: title: =f+ zW0@FaR (ID: 33)
[2025-02-11T09:24:06.835Z] [ACTION] Inserted task: title: kWBz_O*SFx.5\U>O (ID: 60)
[2025-02-11T09:24:06.842Z] [ACTION] Deleted task: title: INB (ID: 31)
[2025-02-11T09:24:06.848Z] [ACTION] Inserted task: title: Q`MpqJQmtI6}K8"5( (ID: 60)
[2025-02-11T09:24:06.855Z] [ACTION] Inserted task: title: V2~XVav}<n7KV_#fB!% (ID: 61)
[2025-02-11T09:24:06.861Z] [ACTION] Inserted task: title: J7i1:`jyoq (ID: 62)
[2025-02-11T09:24:06.868Z] [ACTION] Inserted task: title: TtUb6j3Pj< (ID: 63)
[2025-02-11T09:24:06.873Z] [ACTION] Inserted task: title: 9*Ga (ID: 64)
[2025-02-11T09:24:06.878Z] [ACTION] Deleted task: title: XX*|CKs3,-!kv4Umc\ (ID: 48)
[2025-02-11T09:24:06.883Z] [ACTION] Inserted task: title: 4^<q{n??:leuB^ (ID: 64)
[2025-02-11T09:24:06.890Z] [ACTION] Inserted task: title: >JVgM%rQ&CXLbUZd7B (ID: 65)
[2025-02-11T09:24:06.897Z] [ACTION] Inserted task: title: )aa?x (ID: 66)
[2025-02-11T09:24:06.903Z] [ACTION] Inserted task: title: Q`f[U%oB17R*&.9%sL (ID: 67)
[2025-02-11T09:24:06.911Z] [ACTION] Deleted task: title: ,na;L (ID: 13)
[2025-02-11T09:24:06.919Z] [ACTION] Inserted task: title: 65em} (ID: 67)
[2025-02-11T09:24:06.933Z] [ACTION] Inserted task: title: As#Xr+fn$tuK=tEhLR" (ID: 68)
[2025-02-11T09:24:06.940Z] [ACTION] Deleted task: title: OTVcuI (ID: 53)
[2025-02-11T09:24:06.964Z] [ACTION] Deleted task: title: P (ID: 25)
[2025-02-11T09:24:06.970Z] [ACTION] Deleted task: title: /.%O\P[v0'98 CqkH (ID: 45)
[2025-02-11T09:24:06.976Z] [ACTION] Inserted task: title: 4X} (ID: 66)
[2025-02-11T09:24:06.982Z] [ACTION] Inserted task: title: _n}\4{')N.j# (ID: 67)
[2025-02-11T09:24:06.988Z] [ACTION] Inserted task: title: k $Xc (ID: 68)
[2025-02-11T09:24:06.994Z] [ACTION] Deleted task: title: V*MM#_eY~:@mHL] (ID: 46)
[2025-02-11T09:24:06.999Z] [ACTION] Deleted task: title: VFs (ID: 44)
[2025-02-11T09:24:07.005Z] [ACTION] Inserted task: title: cSR_4Avevt&/2 (ID: 67)
[2025-02-11T09:24:07.011Z] [ACTION] Inserted task: title: 3fVFFz z!!OPmw#D (ID: 68)
[2025-02-11T09:24:07.017Z] [ACTION] Inserted task: title: #% (ID: 69)
[2025-02-11T09:24:07.024Z] [ACTION] Inserted task: title: X!00&QDvz2O (ID: 70)
[2025-02-11T09:24:07.030Z] [ACTION] Inserted task: title: TO_H`y@Q (ID: 71)
[2025-02-11T09:24:07.039Z] [ACTION] Inserted task: title: 2ZoD.}-P)J,8p(;~]IN (ID: 72)
[2025-02-11T09:24:07.045Z] [ACTION] Inserted task: title: cMb??o@0V@']C\Wcof (ID: 73)
[2025-02-11T09:24:07.053Z] [ACTION] Inserted task: title: ku+G^y?frIGtf (ID: 74)
[2025-02-11T09:24:07.061Z] [ACTION] Inserted task: title: GY? (ID: 75)
[2025-02-11T09:24:07.067Z] [ACTION] Inserted task: title: Rj (ID: 76)
[2025-02-11T09:24:07.075Z] [ACTION] Inserted task: title: ;G~pCM (ID: 77)
[2025-02-11T09:24:07.082Z] [ACTION] Inserted task: title: j4u9{MR]>t (ID: 78)
[2025-02-11T09:24:07.088Z] [ACTION] Inserted task: title: "}-| (ID: 79)
[2025-02-11T09:24:07.095Z] [ACTION] Inserted task: title: " (ID: 80)
[2025-02-11T09:24:07.101Z] [ACTION] Inserted task: title: 7f@e!g;$b- (ID: 81)
[2025-02-11T09:24:07.107Z] [ACTION] Inserted task: title: D=JZM|Var1Duv=#IXG]a (ID: 82)
[2025-02-11T09:24:07.113Z] [ACTION] Inserted task: title: IUvb (ID: 83)
[2025-02-11T09:24:07.119Z] [ACTION] Deleted task: title: K+Y75GY w=LUv (ID: 46)
[2025-02-11T09:24:07.124Z] [ACTION] Inserted task: title: V$r8)~H.B (ID: 83)
[2025-02-11T09:24:07.129Z] [ACTION] Inserted task: title: myX<s:x=q#w$p-AecLb/ (ID: 84)
[2025-02-11T09:24:07.135Z] [ACTION] Deleted task: title: QqloEs,7azs?n!>2Qu`A (ID: 48)
[2025-02-11T09:24:07.139Z] [ACTION] Deleted task: title: 93X\BU>,XA% (ID: 30)
[2025-02-11T09:24:07.145Z] [ACTION] Deleted task: title: kI-0OU|\'FsL0 (ID: 27)
[2025-02-11T09:24:07.150Z] [ACTION] Inserted task: title: 7'8uQiB;#ZVZFH (ID: 82)
[2025-02-11T09:24:07.156Z] [ACTION] Deleted task: title: vKQVhg6Dt} (ID: 29)
[2025-02-11T09:24:07.161Z] [ACTION] Inserted task: title: ,'.=Ih4jGxv:%~ (ID: 82)
[2025-02-11T09:24:07.170Z] [ACTION] Inserted task: title: 6 (ID: 83)
[2025-02-11T09:24:07.176Z] [ACTION] Inserted task: title: ]sf$16;y/ws (ID: 84)
[2025-02-11T09:24:07.182Z] [ACTION] Inserted task: title: XA9JyF1R`"nwY>j (ID: 85)
[2025-02-11T09:24:07.188Z] [ACTION] Inserted task: title: 2)ANf@&.Co;]N5| (ID: 86)
[2025-02-11T09:24:07.194Z] [ACTION] Inserted task: title: mOb.}Gf (ID: 87)
[2025-02-11T09:24:07.200Z] [ACTION] Inserted task: title: 6f2jbb[&qT)<<HGXG]` (ID: 88)
[2025-02-11T09:24:07.206Z] [ACTION] Inserted task: title: #Ld30| (ID: 89)
[2025-02-11T09:24:07.212Z] [ACTION] Inserted task: title: 68dA1:ia)q/Y1zaHH[!K (ID: 90)
[2025-02-11T09:24:07.218Z] [ACTION] Inserted task: title: 2X*"<f@b<7 o76 (ID: 91)
[2025-02-11T09:24:07.224Z] [ACTION] Inserted task: title: _@Y|+&lyFnp$w@ (ID: 92)
[2025-02-11T09:24:07.230Z] [ACTION] Inserted task: title: Bu0LYiP}Xw9k (ID: 93)
[2025-02-11T09:24:07.236Z] [ACTION] Deleted task: title: ;OG>1fpIcd4 (ID: 37)
[2025-02-11T09:24:07.241Z] [ACTION] Deleted task: title: :C.VX`~ (ID: 30)
[2025-02-11T09:24:07.247Z] [ACTION] Inserted task: title: Y (ID: 92)
[2025-02-11T09:24:07.253Z] [ACTION] Deleted task: title: cM2$i)k`\`t (ID: 57)
[2025-02-11T09:24:07.258Z] [ACTION] Deleted task: title: cMb??o@0V@']C\Wcof (ID: 73)
[2025-02-11T09:24:07.264Z] [ACTION] Deleted task: title: GY? (ID: 75)
[2025-02-11T09:24:07.269Z] [ACTION] Inserted task: title: F9fs?|:v*](\[TMA  (ID: 90)
[2025-02-11T09:24:07.275Z] [ACTION] Inserted task: title: 9WPn9= (ID: 91)
[2025-02-11T09:24:07.281Z] [ACTION] Inserted task: title: }= (ID: 92)
[2025-02-11T09:24:07.288Z] [ACTION] Inserted task: title: ;r\o1!QC*M (ID: 93)
[2025-02-11T09:24:07.295Z] [ACTION] Deleted task: title: 6 (ID: 83)
[2025-02-11T09:24:07.300Z] [ACTION] Inserted task: title: O>)n,Ga:$SEGdqh;0 (ID: 93)
[2025-02-11T09:24:07.307Z] [ACTION] Inserted task: title: |cJcs"zCN (ID: 94)
[2025-02-11T09:24:07.314Z] [ACTION] Deleted task: title: 4^<q{n??:leuB^ (ID: 64)
[2025-02-11T09:24:07.331Z] [ACTION] Inserted task: title: l/),8JAf (ID: 94)
[2025-02-11T09:24:07.338Z] [ACTION] Inserted task: title: c`<zl${>$+zdI5F6 (ID: 95)
[2025-02-11T09:24:07.345Z] [ACTION] Inserted task: title: Ia*!xXAh{cC#X$=pI (ID: 96)
[2025-02-11T09:24:07.352Z] [ACTION] Deleted task: title: H8Mo9vtaQbtNJ$' (ID: 49)
[2025-02-11T09:24:07.358Z] [ACTION] Deleted task: title: Bu0LYiP}Xw9k (ID: 93)
[2025-02-11T09:24:07.364Z] [ACTION] Inserted task: title: @:K*<5uJFYh#n*V3V" (ID: 95)
[2025-02-11T09:24:07.371Z] [ACTION] Inserted task: title: j[lQ (ID: 96)
[2025-02-11T09:24:07.378Z] [ACTION] Inserted task: title: &=q>BD#bB(i (ID: 97)
[2025-02-11T09:24:07.385Z] [ACTION] Inserted task: title: eb!b%~puA}P (ID: 98)
[2025-02-11T09:24:07.396Z] [ACTION] Deleted task: title: myX<s:x=q#w$p-AecLb/ (ID: 84)
[2025-02-11T09:24:07.402Z] [ACTION] Inserted task: title: B{:D_ (ID: 98)
[2025-02-11T09:24:07.407Z] [ACTION] Inserted task: title: sgFh+lF< (ID: 99)
[2025-02-11T09:24:07.413Z] [ACTION] Inserted task: title: N n1.g7)[Ey1sz+N>W (ID: 100)
[2025-02-11T09:24:07.420Z] [ACTION] Deleted task: title: 9WPn9= (ID: 91)
[2025-02-11T09:24:07.425Z] [ACTION] Deleted task: title: 9*Ga (ID: 64)
[2025-02-11T09:24:07.429Z] [ACTION] Deleted task: title: 2X*"<f@b<7 o76 (ID: 91)
[2025-02-11T09:24:07.434Z] [ACTION] Inserted task: title: 8_vp/Fex5=DV?q (ID: 98)
[2025-02-11T09:24:07.440Z] [ACTION] Inserted task: title: 2![ (ID: 99)
[2025-02-11T09:24:07.446Z] [ACTION] Inserted task: title: #V (ID: 100)
[2025-02-11T09:24:07.453Z] [ACTION] Inserted task: title:  ^#<^C (ID: 101)
[2025-02-11T09:24:07.459Z] [ACTION] Inserted task: title: nlmyNC]MB8Ki (ID: 102)
[2025-02-11T09:24:07.469Z] [ACTION] Inserted task: title: f<{0]= (ID: 103)
[2025-02-11T09:24:07.479Z] [ACTION] Inserted task: title: i@T`A>Wv`Y (ID: 104)
[2025-02-11T09:24:07.486Z] [ACTION] Inserted task: title: K>Z"6>&On<6T1% (ID: 105)
[2025-02-11T09:24:07.493Z] [ACTION] Inserted task: title: "!*PswBDO;:{"e,*Ki5C (ID: 106)
[2025-02-11T09:24:07.500Z] [ACTION] Inserted task: title: F8q:3}S_`w-3Vs4g6fN (ID: 107)
[2025-02-11T09:24:07.509Z] [ACTION] Deleted task: title: 8_vp/Fex5=DV?q (ID: 98)
[2025-02-11T09:24:07.515Z] [ACTION] Inserted task: title: h:KrF0DKEM]QaUrq=f (ID: 107)
[2025-02-11T09:24:07.522Z] [ACTION] Inserted task: title: oV'jUd"'<jz (ID: 108)
[2025-02-11T09:24:07.529Z] [ACTION] Inserted task: title: ^n'>WDJG5*"@G2Ex~ (ID: 109)
[2025-02-11T09:24:07.536Z] [ACTION] Inserted task: title: 9s^+9ezx>-YX-,?,RAU (ID: 110)
[2025-02-11T09:24:07.543Z] [ACTION] Inserted task: title: /26*0.3E\Z[TG (ID: 111)
[2025-02-11T09:24:07.550Z] [ACTION] Inserted task: title: lIl/^2MNUf (ID: 112)
[2025-02-11T09:24:07.557Z] [ACTION] Inserted task: title: (#\To (ID: 113)
[2025-02-11T09:24:07.565Z] [ACTION] Deleted task: title: "$]\V^<gUgCP,N (ID: 45)
[2025-02-11T09:24:07.571Z] [ACTION] Inserted task: title: Na,cBI:'@dEXRb/ (ID: 113)
[2025-02-11T09:24:07.577Z] [ACTION] Inserted task: title: ?KXSX\?s[-)aU3mo0 (ID: 114)
[2025-02-11T09:24:07.585Z] [ACTION] Inserted task: title: !uF~wN2Z@O%O-esUmSU (ID: 115)
[2025-02-11T09:24:07.595Z] [ACTION] Inserted task: title: 1pY }Z+ (ID: 116)
[2025-02-11T09:24:07.604Z] [ACTION] Inserted task: title: !5Hb4"#)Jz]RVoP` (ID: 117)
[2025-02-11T09:24:07.611Z] [ACTION] Inserted task: title: jDr_, Clu:/JJ;S/^J (ID: 118)
[2025-02-11T09:24:07.618Z] [ACTION] Inserted task: title: sD70_tj6wpuQi:%mQjn (ID: 119)
[2025-02-11T09:24:07.627Z] [ACTION] Deleted task: title: ZY}S[#[I{Qif (ID: 56)
[2025-02-11T09:24:07.632Z] [ACTION] Inserted task: title: h<!%x4km(3J?)Mu (ID: 119)
[2025-02-11T09:24:07.639Z] [ACTION] Inserted task: title: vk12s Ehbvu+o$ (ID: 120)
[2025-02-11T09:24:07.646Z] [ACTION] Inserted task: title: 5}nz#'AI CwI0#w]Eg (ID: 121)
[2025-02-11T09:24:07.655Z] [ACTION] Inserted task: title: GO)ulhYTah (ID: 122)
[2025-02-11T09:24:07.661Z] [ACTION] Inserted task: title: VfNEg:v5!5:eq)hN&N (ID: 123)
[2025-02-11T09:24:07.668Z] [ACTION] Inserted task: title: Qc`jJA3]J8~jQ,MIk1 (ID: 124)
[2025-02-11T09:24:07.675Z] [ACTION] Inserted task: title: PX1,;~ (ID: 125)
[2025-02-11T09:24:07.681Z] [ACTION] Inserted task: title: adc (ID: 126)
[2025-02-11T09:24:07.687Z] [ACTION] Deleted task: title: re\OKFg6'[)r_ (ID: 20)
[2025-02-11T09:24:07.694Z] [ACTION] Inserted task: title: /d_QZ8;@ (ID: 126)
[2025-02-11T09:24:07.704Z] [ACTION] Inserted task: title: %Ps (ID: 127)
[2025-02-11T09:24:07.710Z] [ACTION] Inserted task: title: iX-ob<9b-wA tZ=ONrb (ID: 128)
[2025-02-11T09:24:07.716Z] [ACTION] Inserted task: title: TkC77K (ID: 129)
[2025-02-11T09:24:07.724Z] [ACTION] Inserted task: title: )7$v8*Egj8t]piR (ID: 130)
[2025-02-11T09:24:07.730Z] [ACTION] Deleted task: title: l/),8JAf (ID: 94)
[2025-02-11T09:24:07.736Z] [ACTION] Inserted task: title: hPVP!E7A+cT (ID: 130)
[2025-02-11T09:24:07.742Z] [ACTION] Inserted task: title: QR0nOxX3XPaJ1Ca @ (ID: 131)
[2025-02-11T09:24:07.749Z] [ACTION] Deleted task: title: Rj (ID: 76)
[2025-02-11T09:24:07.754Z] [ACTION] Deleted task: title: cSR_4Avevt&/2 (ID: 67)
[2025-02-11T09:24:07.760Z] [ACTION] Inserted task: title: r(auGTl:*}F".r? (ID: 130)
[2025-02-11T09:24:07.769Z] [ACTION] Deleted task: title: 2ZoD.}-P)J,8p(;~]IN (ID: 72)
[2025-02-11T09:24:07.775Z] [ACTION] Deleted task: title: &011.32}q( (ID: 3)
[2025-02-11T09:24:07.781Z] [ACTION] Inserted task: title: NB~k7 (ID: 129)
[2025-02-11T09:24:07.789Z] [ACTION] Inserted task: title: t (ID: 130)
[2025-02-11T09:24:07.795Z] [ACTION] Inserted task: title: +\=) (ID: 131)
[2025-02-11T09:24:07.802Z] [ACTION] Inserted task: title: )i!=2:]WAJuKZ^Q (ID: 132)
[2025-02-11T09:24:07.810Z] [ACTION] Deleted task: title: @:K*<5uJFYh#n*V3V" (ID: 95)
[2025-02-11T09:24:07.815Z] [ACTION] Inserted task: title: 5k5clz (ID: 132)
[2025-02-11T09:24:07.822Z] [ACTION] Deleted task: title: !5Hb4"#)Jz]RVoP` (ID: 117)
[2025-02-11T09:24:07.828Z] [ACTION] Inserted task: title: NK)^*wM1uj] (ID: 132)
[2025-02-11T09:24:07.834Z] [ACTION] Inserted task: title: <N`z!G]u&A^lJRXO= (ID: 133)
[2025-02-11T09:24:07.844Z] [ACTION] Inserted task: title: P (ID: 134)
[2025-02-11T09:24:07.851Z] [ACTION] Inserted task: title: lR@<0/F^Y! (ID: 135)
[2025-02-11T09:24:07.858Z] [ACTION] Deleted task: title: ,'.=Ih4jGxv:%~ (ID: 82)
[2025-02-11T09:24:07.864Z] [ACTION] Deleted task: title: #% (ID: 69)
[2025-02-11T09:24:07.872Z] [ACTION] Inserted task: title: :Aa/h827i7| (ID: 134)
[2025-02-11T09:24:07.879Z] [ACTION] Inserted task: title: 1eu4k@/uzyF&VduZ/b (ID: 135)
[2025-02-11T09:24:07.887Z] [ACTION] Inserted task: title: b(Ha)'vAUdB (ID: 136)
[2025-02-11T09:24:07.894Z] [ACTION] Deleted task: title: V$r8)~H.B (ID: 83)
[2025-02-11T09:24:07.900Z] [ACTION] Inserted task: title: ZKQbqmGlGPbzS (ID: 136)
[2025-02-11T09:24:07.908Z] [ACTION] Deleted task: title: |cJcs"zCN (ID: 94)
[2025-02-11T09:24:07.915Z] [ACTION] Deleted task: title: 4X} (ID: 66)
[2025-02-11T09:24:07.921Z] [ACTION] Inserted task: title: t8)?H (ID: 135)
[2025-02-11T09:24:07.930Z] [ACTION] Deleted task: title: |M'RCF,gWg$-qpH )2 (ID: 50)
[2025-02-11T09:24:07.936Z] [ACTION] Inserted task: title: H,:k$Vr{JUwmH&C%S (ID: 135)
[2025-02-11T09:24:07.943Z] [ACTION] Inserted task: title: T9 (ID: 136)
[2025-02-11T09:24:07.949Z] [ACTION] Deleted task: title: adc (ID: 126)
[2025-02-11T09:24:07.955Z] [ACTION] Inserted task: title: x`NJt=:^l&}0|J]fz (ID: 136)
[2025-02-11T09:24:07.962Z] [ACTION] Inserted task: title: V+{QY?gso)_(<I (ID: 137)
[2025-02-11T09:24:07.969Z] [ACTION] Inserted task: title: 9%(&*L\|&rUw0Y (ID: 138)
[2025-02-11T09:24:07.975Z] [ACTION] Inserted task: title: |{b*~G}X<d.XoAJXmIN! (ID: 139)
[2025-02-11T09:24:07.981Z] [ACTION] Inserted task: title: :/r6<jYgP)CjJ.HG}1*x (ID: 140)
[2025-02-11T09:24:07.988Z] [ACTION] Inserted task: title: ;Zj$n1+;7N!.qd` (ID: 141)
[2025-02-11T09:24:07.994Z] [ACTION] Inserted task: title: I (ID: 142)
[2025-02-11T09:24:08.002Z] [ACTION] Inserted task: title: ":7!L{, (ID: 143)
[2025-02-11T09:24:08.009Z] [ACTION] Deleted task: title: kWBz_O*SFx.5\U>O (ID: 60)
[2025-02-11T09:24:08.015Z] [ACTION] Inserted task: title: BmKM}B.03@ (ID: 143)
[2025-02-11T09:24:08.023Z] [ACTION] Inserted task: title: <E`#Pk:qI (ID: 144)
[2025-02-11T09:24:08.030Z] [ACTION] Inserted task: title: #UiPJOZ01C: (ID: 145)
[2025-02-11T09:24:08.042Z] [ACTION] Deleted task: title: F8q:3}S_`w-3Vs4g6fN (ID: 107)
[2025-02-11T09:24:08.049Z] [ACTION] Inserted task: title: ?e{G2ny (ID: 145)
[2025-02-11T09:24:08.057Z] [ACTION] Inserted task: title: J (ID: 146)
[2025-02-11T09:24:08.065Z] [ACTION] Inserted task: title: -~=%rm"wAujFi<L<7 (ID: 147)
[2025-02-11T09:24:08.076Z] [ACTION] Deleted task: title: h:KrF0DKEM]QaUrq=f (ID: 107)
[2025-02-11T09:24:08.082Z] [ACTION] Inserted task: title: fBlr (ID: 147)
[2025-02-11T09:24:08.088Z] [ACTION] Inserted task: title: kHB{s-Q (ID: 148)
[2025-02-11T09:24:08.094Z] [ACTION] Deleted task: title: f<{0]= (ID: 103)
[2025-02-11T09:24:08.100Z] [ACTION] Inserted task: title: rp|snQ(8DJ~1we;bHGC9 (ID: 148)
[2025-02-11T09:24:08.108Z] [ACTION] Inserted task: title: DQ (ID: 149)
[2025-02-11T09:24:08.115Z] [ACTION] Inserted task: title: (mB^DpliA6Dd?QT (ID: 150)
[2025-02-11T09:24:08.122Z] [ACTION] Deleted task: title: <N`z!G]u&A^lJRXO= (ID: 133)
[2025-02-11T09:24:08.128Z] [ACTION] Inserted task: title: m (ID: 150)
[2025-02-11T09:24:08.134Z] [ACTION] Inserted task: title: k; (ID: 151)
[2025-02-11T09:24:08.141Z] [ACTION] Inserted task: title: '~"qw_%V18jWO5p,44 (ID: 152)
[2025-02-11T09:24:08.146Z] [ACTION] Inserted task: title: 9t|^KM (ID: 153)
[2025-02-11T09:24:08.154Z] [ACTION] Inserted task: title: c&,k6l6 (ID: 154)
[2025-02-11T09:24:08.160Z] [ACTION] Inserted task: title: S]5GSr,P G (ID: 155)
[2025-02-11T09:24:08.166Z] [ACTION] Deleted task: title: lR@<0/F^Y! (ID: 135)
[2025-02-11T09:24:08.172Z] [ACTION] Inserted task: title: xreyC (ID: 155)
[2025-02-11T09:24:08.177Z] [ACTION] Inserted task: title: P j`uff\(z[' (ID: 156)
[2025-02-11T09:24:08.183Z] [ACTION] Deleted task: title: X!00&QDvz2O (ID: 70)
[2025-02-11T09:24:08.190Z] [ACTION] Deleted task: title: %Ps (ID: 127)
[2025-02-11T09:24:08.195Z] [ACTION] Inserted task: title: Fo~@ (ID: 155)
[2025-02-11T09:24:08.202Z] [ACTION] Deleted task: title: _@Y|+&lyFnp$w@ (ID: 92)
[2025-02-11T09:24:08.207Z] [ACTION] Deleted task: title: J7i1:`jyoq (ID: 62)
[2025-02-11T09:24:08.213Z] [ACTION] Inserted task: title: k}AzWslle (ID: 154)
[2025-02-11T09:24:08.219Z] [ACTION] Inserted task: title: GKF}6I*6@b (ID: 155)
[2025-02-11T09:24:08.227Z] [ACTION] Inserted task: title: POe (ID: 156)
[2025-02-11T09:24:08.234Z] [ACTION] Inserted task: title: 8#_!p]&VYqg00F4< (ID: 157)
[2025-02-11T09:24:08.241Z] [ACTION] Inserted task: title: ,h2Q`K;s (ID: 158)
[2025-02-11T09:24:08.247Z] [ACTION] Deleted task: title: GKF}6I*6@b (ID: 155)
[2025-02-11T09:24:08.254Z] [ACTION] Inserted task: title: c' / (ID: 158)
[2025-02-11T09:24:08.260Z] [ACTION] Deleted task: title: x`NJt=:^l&}0|J]fz (ID: 136)
[2025-02-11T09:24:08.266Z] [ACTION] Inserted task: title: &ds%N|fE89)fI'R;[$}. (ID: 158)
[2025-02-11T09:24:08.278Z] [ACTION] Inserted task: title: `XR!+}QGORueM\xpi~ (ID: 159)
[2025-02-11T09:24:08.285Z] [ACTION] Inserted task: title: `ycn]p (ID: 160)
[2025-02-11T09:24:08.290Z] [ACTION] Deleted task: title: kHB{s-Q (ID: 148)
[2025-02-11T09:24:08.294Z] [ACTION] Inserted task: title: 8_aW (ID: 160)
[2025-02-11T09:24:08.298Z] [ACTION] Deleted task: title: ?KXSX\?s[-)aU3mo0 (ID: 114)
[2025-02-11T09:24:08.302Z] [ACTION] Inserted task: title: M)\(.XGkj1m5&G$ (ID: 160)
[2025-02-11T09:24:08.308Z] [ACTION] Deleted task: title: L (ID: 51)
[2025-02-11T09:24:08.314Z] [ACTION] Inserted task: title: H7A (ID: 160)
[2025-02-11T09:24:08.321Z] [ACTION] Inserted task: title: 6i1{% (ID: 161)
[2025-02-11T09:24:08.327Z] [ACTION] Inserted task: title: oB;e'g8`+I<eQjC;QZ (ID: 162)
[2025-02-11T09:24:08.333Z] [ACTION] Deleted task: title: }= (ID: 92)
[2025-02-11T09:24:08.343Z] [ACTION] Inserted task: title: AKy,?sTF !#]xB^{s4\: (ID: 162)
[2025-02-11T09:24:08.349Z] [ACTION] Deleted task: title: xreyC (ID: 155)
[2025-02-11T09:24:08.354Z] [ACTION] Inserted task: title: fj<}:#(i]T)!TdN5e+ (ID: 162)
[2025-02-11T09:24:08.360Z] [ACTION] Inserted task: title: %'_; (ID: 163)
[2025-02-11T09:24:08.366Z] [ACTION] Deleted task: title: VK-#C (ID: 44)
[2025-02-11T09:24:08.371Z] [ACTION] Deleted task: title: :/r6<jYgP)CjJ.HG}1*x (ID: 140)
[2025-02-11T09:24:08.377Z] [ACTION] Inserted task: title: $R! (ID: 162)
[2025-02-11T09:24:08.384Z] [ACTION] Inserted task: title: tFrPCFe7E(/r (ID: 163)
[2025-02-11T09:24:08.389Z] [ACTION] Inserted task: title: 5\1n TE81%OU$>1g# (ID: 164)
[2025-02-11T09:24:08.395Z] [ACTION] Inserted task: title: |"; (ID: 165)
[2025-02-11T09:24:08.402Z] [ACTION] Deleted task: title: `ycn]p (ID: 160)
[2025-02-11T09:24:08.407Z] [ACTION] Inserted task: title: 'rR^I+`Q, (ID: 165)
[2025-02-11T09:24:08.412Z] [ACTION] Inserted task: title: ;!a:|exi)f"pDZUh4 (ID: 166)
[2025-02-11T09:24:08.418Z] [ACTION] Inserted task: title: >0 (ID: 167)
[2025-02-11T09:24:08.425Z] [ACTION] Inserted task: title: `|X+SMON  (ID: 168)
[2025-02-11T09:24:08.430Z] [ACTION] Inserted task: title: ~/!?B*Gm)V (ID: 169)
[2025-02-11T09:24:08.436Z] [ACTION] Inserted task: title: <|jOp=T} (ID: 170)
[2025-02-11T09:24:08.441Z] [ACTION] Inserted task: title: ek+<Fn6od (ID: 171)
[2025-02-11T09:24:08.449Z] [ACTION] Inserted task: title: ^)2_I~`!lL?EEH" (ID: 172)
[2025-02-11T09:24:08.457Z] [ACTION] Deleted task: title: )i!=2:]WAJuKZ^Q (ID: 132)
[2025-02-11T09:24:08.465Z] [ACTION] Inserted task: title: RoreAnH (ID: 172)
[2025-02-11T09:24:08.471Z] [ACTION] Inserted task: title: 0 (ID: 173)
[2025-02-11T09:24:08.477Z] [ACTION] Inserted task: title: * ;|<qVTrkEMeO-!$ (ID: 174)
[2025-02-11T09:24:08.482Z] [ACTION] Inserted task: title: O@>Cx+IG (ID: 175)
[2025-02-11T09:24:08.489Z] [ACTION] Deleted task: title: ZKQbqmGlGPbzS (ID: 136)
[2025-02-11T09:24:08.496Z] [ACTION] Inserted task: title: [< aZ+b_ (ID: 175)
[2025-02-11T09:24:08.502Z] [ACTION] Inserted task: title: ]]? (ID: 176)
[2025-02-11T09:24:08.509Z] [ACTION] Inserted task: title: i7 (ID: 177)
[2025-02-11T09:24:08.517Z] [ACTION] Inserted task: title: hwZTRV (ID: 178)
[2025-02-11T09:24:08.524Z] [ACTION] Inserted task: title: 5BodQT (ID: 179)
[2025-02-11T09:24:08.531Z] [ACTION] Inserted task: title: Ey]vM<i VNiZ,MR"f (ID: 180)
[2025-02-11T09:24:08.538Z] [ACTION] Deleted task: title: ,h2Q`K;s (ID: 158)
[2025-02-11T09:24:08.544Z] [ACTION] Inserted task: title: 1tnmg (ID: 180)
[2025-02-11T09:24:08.551Z] [ACTION] Inserted task: title: ,=k ?7$WCLZd=4E=e (ID: 181)
[2025-02-11T09:24:08.557Z] [ACTION] Inserted task: title: @]BfNP1~fL}gW (ID: 182)
[2025-02-11T09:24:08.564Z] [ACTION] Inserted task: title: #5eodZ?Nth=X (ID: 183)
[2025-02-11T09:24:08.571Z] [ACTION] Inserted task: title: dA~$(WIh}%+T{Y6F/h3 (ID: 184)
[2025-02-11T09:24:08.577Z] [ACTION] Inserted task: title: Yz6R/:-k (ID: 185)
[2025-02-11T09:24:08.584Z] [ACTION] Inserted task: title: I{]PHPxArSv1d (ID: 186)
[2025-02-11T09:24:08.591Z] [ACTION] Inserted task: title: 1/z!<j` (ID: 187)
[2025-02-11T09:24:08.598Z] [ACTION] Inserted task: title: LO1-~nuwRJ5xL`xH7,~  (ID: 188)
[2025-02-11T09:24:08.603Z] [ACTION] Deleted task: title: `XR!+}QGORueM\xpi~ (ID: 159)
[2025-02-11T09:24:08.607Z] [ACTION] Deleted task: title: 0 (ID: 173)
[2025-02-11T09:24:08.613Z] [ACTION] Inserted task: title: fz+q{4W2Z\'f2K (ID: 187)
[2025-02-11T09:24:08.620Z] [ACTION] Deleted task: title: #UiPJOZ01C: (ID: 145)
[2025-02-11T09:24:08.625Z] [ACTION] Inserted task: title: yNRw+.#r%7=Nm (ID: 187)
[2025-02-11T09:24:08.632Z] [ACTION] Inserted task: title: [Zh(QboJ>S (ID: 188)
[2025-02-11T09:24:08.639Z] [ACTION] Inserted task: title: G (ID: 189)
[2025-02-11T09:24:08.645Z] [ACTION] Inserted task: title: F0{Sy3G (ID: 190)
[2025-02-11T09:24:08.652Z] [ACTION] Inserted task: title: d*XR^J/aEH2tR33 (ID: 191)
[2025-02-11T09:24:08.662Z] [ACTION] Inserted task: title: 2`1m3X>j (ID: 192)
[2025-02-11T09:24:08.667Z] [ACTION] Inserted task: title: >}P:u8[ (ID: 193)
[2025-02-11T09:24:08.672Z] [ACTION] Deleted task: title: oB;e'g8`+I<eQjC;QZ (ID: 162)
[2025-02-11T09:24:08.678Z] [ACTION] Deleted task: title: 6i1{% (ID: 161)
[2025-02-11T09:24:08.683Z] [ACTION] Inserted task: title: |-_Q^w"!a (ID: 192)
[2025-02-11T09:24:08.689Z] [ACTION] Inserted task: title: t-0&czy+(.b*65a7I (ID: 193)
[2025-02-11T09:24:08.696Z] [ACTION] Deleted task: title: 2)ANf@&.Co;]N5| (ID: 86)
[2025-02-11T09:24:08.701Z] [ACTION] Inserted task: title: U9JE{2tIYk#mpEhrK (ID: 193)
[2025-02-11T09:24:08.706Z] [ACTION] Inserted task: title: RS|Aw^X}qmjWUXeI (ID: 194)
[2025-02-11T09:24:08.712Z] [ACTION] Inserted task: title: q}0,9pN8RO\U-Ry]{.& (ID: 195)
[2025-02-11T09:24:08.719Z] [ACTION] Inserted task: title: EXW#XQs= (ID: 196)
[2025-02-11T09:24:08.728Z] [ACTION] Inserted task: title: b[2 (ID: 197)
[2025-02-11T09:24:08.735Z] [ACTION] Inserted task: title: /A1vw90XBuIK4" (ID: 198)
[2025-02-11T09:24:08.742Z] [ACTION] Inserted task: title: ^aV4~y{mo9FF8VjL[ (ID: 199)
[2025-02-11T09:24:08.748Z] [ACTION] Inserted task: title: )p)n-:RE/.ah|GF (ID: 200)
[2025-02-11T09:24:08.756Z] [ACTION] Inserted task: title: |LI7H>vO7f (ID: 201)
[2025-02-11T09:24:08.764Z] [ACTION] Inserted task: title:  %2]TdAGG|0 (ID: 202)
[2025-02-11T09:24:08.770Z] [ACTION] Deleted task: title: "}-| (ID: 79)
[2025-02-11T09:24:08.776Z] [ACTION] Inserted task: title: ?W?nE,2)bS (ID: 202)
[2025-02-11T09:24:08.782Z] [ACTION] Deleted task: title: B{:D_ (ID: 98)
[2025-02-11T09:24:08.791Z] [ACTION] Inserted task: title: 6J&b+TaP{s (ID: 202)
[2025-02-11T09:24:08.796Z] [ACTION] Inserted task: title: F @ Sb (ID: 203)
[2025-02-11T09:24:08.802Z] [ACTION] Inserted task: title: _mLB*Pi&5atzHKCu (ID: 204)
[2025-02-11T09:24:08.808Z] [ACTION] Inserted task: title: s8T?sb%7={QKG4?([ (ID: 205)
[2025-02-11T09:24:08.815Z] [ACTION] Inserted task: title: uI<TSgk&kd%//\= (ID: 206)
[2025-02-11T09:24:08.821Z] [ACTION] Inserted task: title: Cl[yJI4)*~!phkJ 2|d (ID: 207)
[2025-02-11T09:24:08.826Z] [ACTION] Inserted task: title: nv_5bYKtj,v (ID: 208)
[2025-02-11T09:24:08.833Z] [ACTION] Inserted task: title: $LGMMKjd? (ID: 209)
[2025-02-11T09:24:08.839Z] [ACTION] Inserted task: title: UqXN5noa[(L (ID: 210)
[2025-02-11T09:24:08.845Z] [ACTION] Inserted task: title: jxZ(U (ID: 211)
[2025-02-11T09:24:08.856Z] [ACTION] Inserted task: title: 7aQOETd-1A (ID: 212)
[2025-02-11T09:24:08.863Z] [ACTION] Deleted task: title: b[2 (ID: 197)
[2025-02-11T09:24:08.868Z] [ACTION] Inserted task: title: l*I`Xa (ID: 212)
[2025-02-11T09:24:08.874Z] [ACTION] Inserted task: title: 4,>_) (ID: 213)
[2025-02-11T09:24:08.880Z] [ACTION] Inserted task: title: X6Zx;X]_-2M2TPSB (ID: 214)
[2025-02-11T09:24:08.885Z] [ACTION] Inserted task: title: vEo_?gZ#2v Z (ID: 215)
[2025-02-11T09:24:08.891Z] [ACTION] Inserted task: title: )0`=q%4uz+:GGn (ID: 216)
[2025-02-11T09:24:08.898Z] [ACTION] Inserted task: title: |Vo_= (ID: 217)
[2025-02-11T09:24:08.904Z] [ACTION] Inserted task: title: ( (ID: 218)
[2025-02-11T09:24:08.910Z] [ACTION] Deleted task: title: `46Mwj%qn69q_5j7(m" (ID: 42)
[2025-02-11T09:24:08.915Z] [ACTION] Inserted task: title: B&Sr@Z2^&3`wHKd}v}gk (ID: 218)
[2025-02-11T09:24:08.922Z] [ACTION] Inserted task: title: [Lx-)_3Hdy/cN (ID: 219)
[2025-02-11T09:24:08.928Z] [ACTION] Deleted task: title: $R! (ID: 162)
[2025-02-11T09:24:08.933Z] [ACTION] Inserted task: title: (Q=z<u`6z#Z}G4jPl|xj (ID: 219)
[2025-02-11T09:24:08.940Z] [ACTION] Inserted task: title: ZXp|[9R5 (ID: 220)
[2025-02-11T09:24:08.947Z] [ACTION] Inserted task: title: .9z8 (ID: 221)
[2025-02-11T09:24:08.953Z] [ACTION] Inserted task: title: um`3f}6H\ (ID: 222)
[2025-02-11T09:24:08.959Z] [ACTION] Inserted task: title: dD'a2gSvmv (ID: 223)
[2025-02-11T09:24:08.965Z] [ACTION] Inserted task: title: Y^jg (ID: 224)
[2025-02-11T09:24:08.971Z] [ACTION] Deleted task: title: 1eu4k@/uzyF&VduZ/b (ID: 135)
[2025-02-11T09:24:08.977Z] [ACTION] Inserted task: title: hV (ID: 224)
[2025-02-11T09:24:08.984Z] [ACTION] Inserted task: title: "m} (ID: 225)
[2025-02-11T09:24:08.991Z] [ACTION] Deleted task: title: Ey]vM<i VNiZ,MR"f (ID: 180)
[2025-02-11T09:24:08.997Z] [ACTION] Inserted task: title: &L?p]0 (ID: 225)
[2025-02-11T09:24:09.004Z] [ACTION] Deleted task: title: b(Ha)'vAUdB (ID: 136)
[2025-02-11T09:24:09.010Z] [ACTION] Inserted task: title: }SH])N(=ICBi (ID: 225)
[2025-02-11T09:24:09.017Z] [ACTION] Deleted task: title: TkC77K (ID: 129)
[2025-02-11T09:24:09.024Z] [ACTION] Inserted task: title: ,@M*b*iqJgR9xE,[ (ID: 225)
[2025-02-11T09:24:09.031Z] [ACTION] Inserted task: title: XFOo6:|};Hi0 (ID: 226)
[2025-02-11T09:24:09.047Z] [ACTION] Deleted task: title: |?h^Ii]@\gI!&znG (ID: 2)
[2025-02-11T09:24:09.053Z] [ACTION] Inserted task: title: <!Hu,sT4a[s`ddK7c df (ID: 226)
[2025-02-11T09:24:09.060Z] [ACTION] Deleted task: title: )p)n-:RE/.ah|GF (ID: 200)
[2025-02-11T09:24:09.067Z] [ACTION] Inserted task: title: 14.oltWDRp=- (ID: 226)
[2025-02-11T09:24:09.075Z] [ACTION] Inserted task: title: |V (ID: 227)
[2025-02-11T09:24:09.085Z] [ACTION] Inserted task: title: |C[oYlj!QPFH+o8d!) (ID: 228)
[2025-02-11T09:24:09.091Z] [ACTION] Inserted task: title: yeD4/ (ID: 229)
[2025-02-11T09:24:09.096Z] [ACTION] Inserted task: title: d!RZHJHN,h[qC*|~ (ID: 230)
[2025-02-11T09:24:09.101Z] [ACTION] Inserted task: title: +@b.N59{b@HWiu|X (ID: 231)
[2025-02-11T09:24:09.106Z] [ACTION] Inserted task: title: ?S&fdO5#6DpJIT|U (ID: 232)
[2025-02-11T09:24:09.112Z] [ACTION] Inserted task: title: A_bhjyKsLC}Al=epjoWa (ID: 233)
[2025-02-11T09:24:09.118Z] [ACTION] Inserted task: title: 9(;`$pTui{ (ID: 234)
[2025-02-11T09:24:09.125Z] [ACTION] Inserted task: title: ^NIt]dtK6= (ID: 235)
[2025-02-11T09:24:09.130Z] [ACTION] Inserted task: title: D"$2(#1X@Y (ID: 236)
[2025-02-11T09:24:09.135Z] [ACTION] Deleted task: title: Kl (ID: 46)
[2025-02-11T09:24:09.140Z] [ACTION] Deleted task: title: O>)n,Ga:$SEGdqh;0 (ID: 93)
[2025-02-11T09:24:09.145Z] [ACTION] Inserted task: title: w (ID: 235)
[2025-02-11T09:24:09.150Z] [ACTION] Inserted task: title: USwNV) (ID: 236)
[2025-02-11T09:24:09.155Z] [ACTION] Deleted task: title: `|X+SMON  (ID: 168)
[2025-02-11T09:24:09.160Z] [ACTION] Inserted task: title: iUAwx_]!w:ER (ID: 236)
[2025-02-11T09:24:09.165Z] [ACTION] Inserted task: title: `Q({_eU@;EzZ (ID: 237)
[2025-02-11T09:24:09.170Z] [ACTION] Inserted task: title: *f~NyZA{>? (ID: 238)
[2025-02-11T09:24:09.176Z] [ACTION] Inserted task: title: U>cSa*Xvo4Q (ID: 239)
[2025-02-11T09:24:09.181Z] [ACTION] Deleted task: title: NQZ?WNqV" (ID: 15)
[2025-02-11T09:24:09.185Z] [ACTION] Deleted task: title: 6i,pC(Aj:r (ID: 22)
[2025-02-11T09:24:09.190Z] [ACTION] Inserted task: title: P_A.h&D%v9Gg/d[C,q (ID: 238)
[2025-02-11T09:24:09.195Z] [ACTION] Inserted task: title: `gG_VS6DqI9<ow (ID: 239)
[2025-02-11T09:24:09.200Z] [ACTION] Inserted task: title: o{s'#g2K`- (ID: 240)
[2025-02-11T09:24:09.208Z] [ACTION] Inserted task: title: NP1'"Br9'+ (ID: 241)
[2025-02-11T09:24:09.213Z] [ACTION] Inserted task: title: >^! oBy (ID: 242)
[2025-02-11T09:24:09.218Z] [ACTION] Deleted task: title: vk12s Ehbvu+o$ (ID: 120)
[2025-02-11T09:24:09.224Z] [ACTION] Deleted task: title: LDk\&4>f:2/$?9vg (ID: 32)
[2025-02-11T09:24:09.228Z] [ACTION] Inserted task: title: a{/#[<`Nmh+?=V+u' (ID: 241)
[2025-02-11T09:24:09.233Z] [ACTION] Inserted task: title: =G3p1J@%M< (ID: 242)
[2025-02-11T09:24:09.239Z] [ACTION] Inserted task: title: W{d@w/$d _eH:t\ (ID: 243)
[2025-02-11T09:24:09.244Z] [ACTION] Inserted task: title: ?t"@ipPts|3! (ID: 244)
[2025-02-11T09:24:09.249Z] [ACTION] Deleted task: title: vEo_?gZ#2v Z (ID: 215)
[2025-02-11T09:24:09.254Z] [ACTION] Inserted task: title: v:ml(mXt;-?zrN</m:zr (ID: 244)
[2025-02-11T09:24:09.259Z] [ACTION] Inserted task: title: <bQ628#TIbq (ID: 245)
[2025-02-11T09:24:09.264Z] [ACTION] Deleted task: title: t8)?H (ID: 135)
[2025-02-11T09:24:09.268Z] [ACTION] Inserted task: title: z-f1j>Y,&g^8 (ID: 245)
[2025-02-11T09:24:09.273Z] [ACTION] Inserted task: title: ._rvJXrb (ID: 246)
[2025-02-11T09:24:09.279Z] [ACTION] Inserted task: title: NPV%4B }oC5xy' (ID: 247)
[2025-02-11T09:24:09.283Z] [ACTION] Deleted task: title: hwZTRV (ID: 178)
[2025-02-11T09:24:09.288Z] [ACTION] Inserted task: title: 6pa =GC,&(ONw}3 (ID: 247)
[2025-02-11T09:24:09.294Z] [ACTION] Deleted task: title: <!Hu,sT4a[s`ddK7c df (ID: 226)
[2025-02-11T09:24:09.298Z] [ACTION] Inserted task: title: 'x" ]KeLKX (ID: 247)
[2025-02-11T09:24:09.303Z] [ACTION] Inserted task: title: /vR|r1&gT (ID: 248)
[2025-02-11T09:24:09.309Z] [ACTION] Deleted task: title: |V (ID: 227)
[2025-02-11T09:24:09.314Z] [ACTION] Inserted task: title: RO]JqDU!0TE7H] (ID: 248)
[2025-02-11T09:24:09.319Z] [ACTION] Inserted task: title: I55 (ID: 249)
[2025-02-11T09:24:09.325Z] [ACTION] Inserted task: title: lhP1 (ID: 250)
[2025-02-11T09:24:09.331Z] [ACTION] Inserted task: title: 0>Y.UO?q_s;$wO W (ID: 251)
[2025-02-11T09:24:09.336Z] [ACTION] Inserted task: title: !+fI"SXlfyAr-Vk_Xe (ID: 252)
[2025-02-11T09:24:09.341Z] [ACTION] Inserted task: title: <H[4/D%@kbvY&t06Ka| (ID: 253)
[2025-02-11T09:24:09.347Z] [ACTION] Inserted task: title: +Y (ID: 254)
[2025-02-11T09:24:09.355Z] [ACTION] Inserted task: title: b!!"X(qVpX (ID: 255)
[2025-02-11T09:24:09.360Z] [ACTION] Inserted task: title: Ur_r:5_@-u }svJ!A (ID: 256)
[2025-02-11T09:24:09.366Z] [ACTION] Inserted task: title: U (ID: 257)
[2025-02-11T09:24:09.372Z] [ACTION] Inserted task: title: ^>mf/ &ma (ID: 258)
[2025-02-11T09:24:09.377Z] [ACTION] Inserted task: title: Qq]1ZvF|/ (ID: 259)
[2025-02-11T09:24:09.382Z] [ACTION] Deleted task: title: ( (ID: 53)
[2025-02-11T09:24:09.388Z] [ACTION] Inserted task: title: jh}HG5% (ID: 259)
[2025-02-11T09:24:09.394Z] [ACTION] Deleted task: title: l*I`Xa (ID: 212)
[2025-02-11T09:24:09.398Z] [ACTION] Inserted task: title: c-^(tK*@3EljfO (ID: 259)
[2025-02-11T09:24:09.403Z] [ACTION] Inserted task: title: 9Syv~Wp5h (ID: 260)
[2025-02-11T09:24:09.407Z] [ACTION] Deleted task: title: `gG_VS6DqI9<ow (ID: 239)
[2025-02-11T09:24:09.412Z] [ACTION] Inserted task: title: L`UGykn9tR_lqT\5O (ID: 260)
[2025-02-11T09:24:09.417Z] [ACTION] Deleted task: title: BmKM}B.03@ (ID: 143)
[2025-02-11T09:24:09.421Z] [ACTION] Deleted task: title: 5\1n TE81%OU$>1g# (ID: 164)
[2025-02-11T09:24:09.426Z] [ACTION] Deleted task: title: vW 3x (ID: 46)
[2025-02-11T09:24:09.430Z] [ACTION] Inserted task: title: ?m5f>e (ID: 258)
[2025-02-11T09:24:09.435Z] [ACTION] Inserted task: title: I}x (ID: 259)
[2025-02-11T09:24:09.440Z] [ACTION] Inserted task: title: B~P=qW"51~^U/ (ID: 260)
[2025-02-11T09:24:09.445Z] [ACTION] Inserted task: title: 5-dMaL)JEkYk3ovF  (ID: 261)
[2025-02-11T09:24:09.451Z] [ACTION] Inserted task: title: {n*1`Fs-R,)_y<.bZ:'u (ID: 262)
[2025-02-11T09:24:09.456Z] [ACTION] Inserted task: title: gyT^7G1 (ID: 263)
[2025-02-11T09:24:09.461Z] [ACTION] Inserted task: title: ,5|%$x;GpyG.j}vZ@l (ID: 264)
[2025-02-11T09:24:09.467Z] [ACTION] Inserted task: title: ` (ID: 265)
[2025-02-11T09:24:09.472Z] [ACTION] Inserted task: title: *<'yPqX\ (ID: 266)
[2025-02-11T09:24:09.478Z] [ACTION] Inserted task: title: m (ID: 267)
[2025-02-11T09:24:09.483Z] [ACTION] Inserted task: title: " (ID: 268)
[2025-02-11T09:24:09.489Z] [ACTION] Deleted task: title: ek+<Fn6od (ID: 171)
[2025-02-11T09:24:09.495Z] [ACTION] Inserted task: title: aC (ID: 268)
[2025-02-11T09:24:09.506Z] [ACTION] Inserted task: title: e'WCCHD_D! (ID: 269)
[2025-02-11T09:24:09.512Z] [ACTION] Deleted task: title: B&Sr@Z2^&3`wHKd}v}gk (ID: 218)
[2025-02-11T09:24:09.518Z] [ACTION] Inserted task: title: '[&fsw;3m8Y  (ID: 269)
[2025-02-11T09:24:09.527Z] [ACTION] Inserted task: title: ##Xi0jD (ID: 270)
[2025-02-11T09:24:09.533Z] [ACTION] Deleted task: title: i7 (ID: 177)
[2025-02-11T09:24:09.538Z] [ACTION] Deleted task: title: I55 (ID: 249)
[2025-02-11T09:24:09.543Z] [ACTION] Inserted task: title: &  (ID: 269)
[2025-02-11T09:24:09.548Z] [ACTION] Deleted task: title: q}0,9pN8RO\U-Ry]{.& (ID: 195)
[2025-02-11T09:24:09.553Z] [ACTION] Deleted task: title: '~"qw_%V18jWO5p,44 (ID: 152)
[2025-02-11T09:24:09.560Z] [ACTION] Inserted task: title: {H)|.esh9M6A (ID: 268)
[2025-02-11T09:24:09.566Z] [ACTION] Deleted task: title: H7A (ID: 160)
[2025-02-11T09:24:09.572Z] [ACTION] Inserted task: title: ?SHh>J>vR (ID: 268)
[2025-02-11T09:24:09.577Z] [ACTION] Inserted task: title: iH[ (ID: 269)
[2025-02-11T09:24:09.582Z] [ACTION] Inserted task: title: F (ID: 270)
[2025-02-11T09:24:09.587Z] [ACTION] Deleted task: title: 5-dMaL)JEkYk3ovF  (ID: 261)
[2025-02-11T09:24:09.592Z] [ACTION] Deleted task: title: ` (ID: 265)
[2025-02-11T09:24:09.597Z] [ACTION] Deleted task: title: )0`=q%4uz+:GGn (ID: 216)
[2025-02-11T09:24:09.602Z] [ACTION] Deleted task: title: @]BfNP1~fL}gW (ID: 182)
[2025-02-11T09:24:09.606Z] [ACTION] Deleted task: title: k}AzWslle (ID: 154)
[2025-02-11T09:24:09.611Z] [ACTION] Inserted task: title: A~SV@}\ (ID: 266)
[2025-02-11T09:24:09.615Z] [ACTION] Inserted task: title: 29{]Ikk3 (ID: 267)
[2025-02-11T09:24:09.620Z] [ACTION] Inserted task: title: R_f)pEuiyv| (ID: 268)
[2025-02-11T09:24:09.625Z] [ACTION] Deleted task: title: [Zh(QboJ>S (ID: 188)
[2025-02-11T09:24:09.630Z] [ACTION] Inserted task: title: ! (ID: 268)
[2025-02-11T09:24:09.636Z] [ACTION] Inserted task: title: *nQ (ID: 269)
[2025-02-11T09:24:09.641Z] [ACTION] Inserted task: title: ]e (ID: 270)
[2025-02-11T09:24:09.646Z] [ACTION] Inserted task: title: tK7%->6S,<C6 hKV#L-U (ID: 271)
[2025-02-11T09:24:09.654Z] [ACTION] Inserted task: title: 34jv'yec (ID: 272)
[2025-02-11T09:24:09.659Z] [ACTION] Inserted task: title: ++Dm|qfX!0P-c7e{ (ID: 273)
[2025-02-11T09:24:09.665Z] [ACTION] Inserted task: title: hz3kXir4KnjdcCj> (ID: 274)
[2025-02-11T09:24:09.670Z] [ACTION] Inserted task: title: G|W['rf1&[ &]1t2 (ID: 275)
[2025-02-11T09:24:09.676Z] [ACTION] Inserted task: title: B;> (ID: 276)
[2025-02-11T09:24:09.682Z] [ACTION] Deleted task: title: VVqdlr~; (ID: 52)
[2025-02-11T09:24:09.687Z] [ACTION] Inserted task: title: =~]OOwd}L (ID: 276)
[2025-02-11T09:24:09.692Z] [ACTION] Inserted task: title: j(FZ+2Mh-vnM.IXyt (ID: 277)
[2025-02-11T09:24:09.698Z] [ACTION] Inserted task: title: q\QcQ (ID: 278)
[2025-02-11T09:24:09.703Z] [ACTION] Inserted task: title: nBOuoU$sQ?P >M (ID: 279)
[2025-02-11T09:24:09.709Z] [ACTION] Inserted task: title: t}~Lza)Sx (ID: 280)
[2025-02-11T09:24:09.715Z] [ACTION] Inserted task: title: 1ka[Sjz({~a) (ID: 281)
[2025-02-11T09:24:09.720Z] [ACTION] Inserted task: title: q}l<eVA8? (ID: 282)
[2025-02-11T09:24:09.726Z] [ACTION] Inserted task: title: Cy1ng)aF1iX (ID: 283)
[2025-02-11T09:24:09.731Z] [ACTION] Inserted task: title: wZzE":Q^U!LXl (ID: 284)
[2025-02-11T09:24:09.736Z] [ACTION] Inserted task: title: 1<Mj (ID: 285)
[2025-02-11T09:24:09.742Z] [ACTION] Inserted task: title: 5W|BG (ID: 286)
[2025-02-11T09:24:09.747Z] [ACTION] Inserted task: title: =5/o?sd^Eo-]`TL;D/a (ID: 287)
[2025-02-11T09:24:09.752Z] [ACTION] Deleted task: title: _lOh (ID: 34)
[2025-02-11T09:24:09.757Z] [ACTION] Inserted task: title: | (ID: 287)
[2025-02-11T09:24:09.762Z] [ACTION] Inserted task: title: _3G#kF#|H[z: (ID: 288)
[2025-02-11T09:24:09.767Z] [ACTION] Inserted task: title: \Gf0gdO_Cx1*,+9R" (ID: 289)
[2025-02-11T09:24:09.773Z] [ACTION] Inserted task: title: >?7JKZ,#s\Eica7!`z (ID: 290)
[2025-02-11T09:24:09.778Z] [ACTION] Inserted task: title: ^T*kLO*g&/6 (ID: 291)
[2025-02-11T09:24:09.783Z] [ACTION] Inserted task: title: R%)R" (ID: 292)
[2025-02-11T09:24:09.788Z] [ACTION] Deleted task: title: dD'a2gSvmv (ID: 223)
[2025-02-11T09:24:09.793Z] [ACTION] Deleted task: title: <bQ628#TIbq (ID: 245)
[2025-02-11T09:24:09.800Z] [ACTION] Inserted task: title: (9 (ID: 291)
[2025-02-11T09:24:09.806Z] [ACTION] Inserted task: title: f0cU49` *8)qk~`#0 (ID: 292)
[2025-02-11T09:24:09.811Z] [ACTION] Inserted task: title: Q>||q*)m (ID: 293)
[2025-02-11T09:24:09.816Z] [ACTION] Inserted task: title: Ac_[ (ID: 294)
[2025-02-11T09:24:09.821Z] [ACTION] Deleted task: title: ?W?nE,2)bS (ID: 202)
[2025-02-11T09:24:09.826Z] [ACTION] Deleted task: title: 9Syv~Wp5h (ID: 260)
[2025-02-11T09:24:09.830Z] [ACTION] Inserted task: title: 1?4HA2wj:lxVi^h:f (ID: 293)
[2025-02-11T09:24:09.835Z] [ACTION] Inserted task: title: =`4#O^QZ&:D,B:^t (ID: 294)
[2025-02-11T09:24:09.840Z] [ACTION] Inserted task: title: v7ab@l (ID: 295)
[2025-02-11T09:24:09.845Z] [ACTION] Inserted task: title: Gb==~/Q|2WEx (ID: 296)
[2025-02-11T09:24:09.850Z] [ACTION] Inserted task: title: #%]E}Dk>yn*gw.u (ID: 297)
[2025-02-11T09:24:09.856Z] [ACTION] Inserted task: title: pCuV (ID: 298)
[2025-02-11T09:24:09.861Z] [ACTION] Inserted task: title: M+2<'kIG0"m (ID: 299)
[2025-02-11T09:24:09.866Z] [ACTION] Inserted task: title: RA,3lLP7zWA (ID: 300)
[2025-02-11T09:24:09.873Z] [ACTION] Inserted task: title: N} (ID: 301)
[2025-02-11T09:24:09.879Z] [ACTION] Deleted task: title: kWD%J~ (ID: 14)
[2025-02-11T09:24:09.883Z] [ACTION] Inserted task: title: 26 (ID: 301)
[2025-02-11T09:24:09.889Z] [ACTION] Inserted task: title: @G(FN9 (ID: 302)
[2025-02-11T09:24:09.896Z] [ACTION] Inserted task: title: M\p (ID: 303)
[2025-02-11T09:24:09.902Z] [ACTION] Inserted task: title: G{yz\NYri (ID: 304)
[2025-02-11T09:24:09.908Z] [ACTION] Deleted task: title: 1?4HA2wj:lxVi^h:f (ID: 293)
[2025-02-11T09:24:09.912Z] [ACTION] Deleted task: title: j(FZ+2Mh-vnM.IXyt (ID: 277)
[2025-02-11T09:24:09.917Z] [ACTION] Deleted task: title: =G3p1J@%M< (ID: 242)
[2025-02-11T09:24:09.922Z] [ACTION] Inserted task: title: =~w}D-ogD{IB]1?miDE (ID: 302)
[2025-02-11T09:24:09.927Z] [ACTION] Deleted task: title: \Gf0gdO_Cx1*,+9R" (ID: 289)
[2025-02-11T09:24:09.932Z] [ACTION] Deleted task: title: ?S&fdO5#6DpJIT|U (ID: 232)
[2025-02-11T09:24:09.936Z] [ACTION] Inserted task: title: wgd}W,mM*}"`iRy' (ID: 301)
[2025-02-11T09:24:09.944Z] [ACTION] Inserted task: title: eL1{37| (ID: 302)
[2025-02-11T09:24:09.951Z] [ACTION] Deleted task: title: mOb.}Gf (ID: 87)
[2025-02-11T09:24:09.956Z] [ACTION] Inserted task: title: KoF3'w} 1p/"_l\H}0 (ID: 302)
[2025-02-11T09:24:09.961Z] [ACTION] Deleted task: title: hPVP!E7A+cT (ID: 130)
[2025-02-11T09:24:09.966Z] [ACTION] Inserted task: title: {xZ (ID: 302)
[2025-02-11T09:24:09.971Z] [ACTION] Deleted task: title: 0>Y.UO?q_s;$wO W (ID: 251)
[2025-02-11T09:24:09.976Z] [ACTION] Deleted task: title: 8#_!p]&VYqg00F4< (ID: 157)
[2025-02-11T09:24:09.981Z] [ACTION] Inserted task: title: pab+~"fC8ev~k. (ID: 301)
[2025-02-11T09:24:09.986Z] [ACTION] Deleted task: title: ^>mf/ &ma (ID: 258)
[2025-02-11T09:24:09.993Z] [ACTION] Deleted task: title: {xZ (ID: 302)
[2025-02-11T09:24:10.000Z] [ACTION] Deleted task: title: G|W['rf1&[ &]1t2 (ID: 275)
[2025-02-11T09:24:10.007Z] [ACTION] Inserted task: title: E7,}VLS (ID: 299)
[2025-02-11T09:24:10.014Z] [ACTION] Inserted task: title: "8AvN7]NM/KVPV" (ID: 300)
[2025-02-11T09:24:10.021Z] [ACTION] Inserted task: title: ~?4Wy*,Z\Sz (ID: 301)
[2025-02-11T09:24:10.028Z] [ACTION] Inserted task: title: {Uw=9\NZ@xz (ID: 302)
[2025-02-11T09:24:10.035Z] [ACTION] Inserted task: title: I>ST;DhUk}f+ (ID: 303)
[2025-02-11T09:24:10.043Z] [ACTION] Inserted task: title: %11ml@#6qty5 (ID: 304)
[2025-02-11T09:24:10.048Z] [ACTION] Inserted task: title: R2Kydz+sRWIG (ID: 305)
[2025-02-11T09:24:10.055Z] [ACTION] Inserted task: title: =Bz9 (ID: 306)
[2025-02-11T09:24:10.062Z] [ACTION] Inserted task: title: tp (ID: 307)
[2025-02-11T09:24:10.067Z] [ACTION] Deleted task: title: XA9JyF1R`"nwY>j (ID: 85)
[2025-02-11T09:24:10.073Z] [ACTION] Inserted task: title: sD@p (ID: 307)
[2025-02-11T09:24:10.080Z] [ACTION] Inserted task: title: pfS|mg\QBR"Hd|u/v (ID: 308)
[2025-02-11T09:24:10.088Z] [ACTION] Inserted task: title: +fL^ (ID: 309)
[2025-02-11T09:24:10.094Z] [ACTION] Inserted task: title: zvdS (ID: 310)
[2025-02-11T09:24:10.100Z] [ACTION] Inserted task: title: =C=xoUO9 (ID: 311)
[2025-02-11T09:24:10.108Z] [ACTION] Deleted task: title: D"$2(#1X@Y (ID: 236)
[2025-02-11T09:24:10.114Z] [ACTION] Deleted task: title: ;!a:|exi)f"pDZUh4 (ID: 166)
[2025-02-11T09:24:10.119Z] [ACTION] Inserted task: title: d;i_WNe-$O&!:MizaK (ID: 310)
[2025-02-11T09:24:10.126Z] [ACTION] Deleted task: title: :Aa/h827i7| (ID: 134)
[2025-02-11T09:24:10.130Z] [ACTION] Inserted task: title: @A"'hAFxhT{ (ID: 310)
[2025-02-11T09:24:10.136Z] [ACTION] Inserted task: title: < (ID: 311)
[2025-02-11T09:24:10.143Z] [ACTION] Inserted task: title: q*dLEr@E ,i0QkjG (ID: 312)
[2025-02-11T09:24:10.148Z] [ACTION] Inserted task: title: M2[>S~omK};5Y:34ru! (ID: 313)
[2025-02-11T09:24:10.154Z] [ACTION] Inserted task: title: :s\6I,<- (ID: 314)
[2025-02-11T09:24:10.161Z] [ACTION] Deleted task: title: UqXN5noa[(L (ID: 210)
[2025-02-11T09:24:10.174Z] [ACTION] Inserted task: title: G*y ,T3-=5q)zE^ (ID: 314)
[2025-02-11T09:24:10.179Z] [ACTION] Inserted task: title: PwQ{/XrU) (ID: 315)
[2025-02-11T09:24:10.185Z] [ACTION] Inserted task: title: 06GP[ (ID: 316)
[2025-02-11T09:24:10.191Z] [ACTION] Deleted task: title: T9 (ID: 136)
[2025-02-11T09:24:10.197Z] [ACTION] Inserted task: title: u?Z\Q#~*v$/t (ID: 316)
[2025-02-11T09:24:10.202Z] [ACTION] Inserted task: title: NS/%BcLb {BCv4_ (ID: 317)
[2025-02-11T09:24:10.209Z] [ACTION] Inserted task: title: 6ds4IeiMR3 (ID: 318)
[2025-02-11T09:24:10.215Z] [ACTION] Inserted task: title: eQfUY(MxRX"iC(tnlM0u (ID: 319)
[2025-02-11T09:24:10.222Z] [ACTION] Inserted task: title: xKyYI]I$uJwo (ID: 320)
[2025-02-11T09:24:10.229Z] [ACTION] Inserted task: title: sJ,1s?C#$#W; (ID: 321)
[2025-02-11T09:24:10.235Z] [ACTION] Inserted task: title: T#C (ID: 322)
[2025-02-11T09:24:10.241Z] [ACTION] Inserted task: title: X|;Sa]qT_x4QD]B (ID: 323)
[2025-02-11T09:24:10.248Z] [ACTION] Inserted task: title: HY1u(G (ID: 324)
[2025-02-11T09:24:10.253Z] [ACTION] Deleted task: title: c-^(tK*@3EljfO (ID: 259)
[2025-02-11T09:24:10.258Z] [ACTION] Inserted task: title: erU?'!&PYC4%+gT (ID: 324)
[2025-02-11T09:24:10.264Z] [ACTION] Inserted task: title: B&!Gn.HIv93vkJXxfwy (ID: 325)
[2025-02-11T09:24:10.273Z] [ACTION] Inserted task: title: Kb0;[Mezp9Vc2JDxm (ID: 326)
[2025-02-11T09:24:10.279Z] [ACTION] Inserted task: title: DNL0<CO{2SaE\k (ID: 327)
[2025-02-11T09:24:10.283Z] [ACTION] Inserted task: title: cf} (ID: 328)
[2025-02-11T09:24:10.289Z] [ACTION] Inserted task: title: i\g{^] (ID: 329)
[2025-02-11T09:24:10.296Z] [ACTION] Inserted task: title: +N$^J0.+N85 (ID: 330)
[2025-02-11T09:24:10.303Z] [ACTION] Inserted task: title: %7 {+ (ID: 331)
[2025-02-11T09:24:10.311Z] [ACTION] Deleted task: title: 9%(&*L\|&rUw0Y (ID: 138)
[2025-02-11T09:24:10.315Z] [ACTION] Deleted task: title: I (ID: 142)
[2025-02-11T09:24:10.320Z] [ACTION] Inserted task: title: w KBa/a4dY%jgFbbd (ID: 330)
[2025-02-11T09:24:10.326Z] [ACTION] Inserted task: title: GVNT9:%7 (ID: 331)
[2025-02-11T09:24:10.332Z] [ACTION] Inserted task: title: X8k'b?A_JE*/SpdS (ID: 332)
[2025-02-11T09:24:10.337Z] [ACTION] Inserted task: title: Gene0hTu>yJ^"*cAo (ID: 333)
[2025-02-11T09:24:10.344Z] [ACTION] Inserted task: title: hYY?`@uTmJRd;B?*!S (ID: 334)
[2025-02-11T09:24:10.349Z] [ACTION] Inserted task: title: {0 (ID: 335)
[2025-02-11T09:24:10.356Z] [ACTION] Deleted task: title: 5}nz#'AI CwI0#w]Eg (ID: 121)
[2025-02-11T09:24:10.362Z] [ACTION] Inserted task: title: 7P)L} (ID: 335)
[2025-02-11T09:24:10.367Z] [ACTION] Inserted task: title: 77)^;P23"pe)n"-^# (ID: 336)
[2025-02-11T09:24:10.373Z] [ACTION] Inserted task: title: D*,"\Q (ID: 337)
[2025-02-11T09:24:10.379Z] [ACTION] Deleted task: title: Y+pG7X (ID: 41)
[2025-02-11T09:24:10.385Z] [ACTION] Inserted task: title: *b&MkrPZ-,$6Z7:fu,Or (ID: 337)
[2025-02-11T09:24:10.391Z] [ACTION] Inserted task: title: 7yKwyHlW-I; (ID: 338)
[2025-02-11T09:24:10.397Z] [ACTION] Deleted task: title: j4u9{MR]>t (ID: 78)
[2025-02-11T09:24:10.402Z] [ACTION] Inserted task: title: zFD$N&c:7\S#}" (ID: 338)
[2025-02-11T09:24:10.409Z] [ACTION] Inserted task: title: v}ZTgloC}+55sPe8_ (ID: 339)
[2025-02-11T09:24:10.415Z] [ACTION] Inserted task: title: 1/U (ID: 340)
[2025-02-11T09:24:10.421Z] [ACTION] Deleted task: title: | (ID: 287)
[2025-02-11T09:24:10.431Z] [ACTION] Inserted task: title: ?#v_/bVxY" (ID: 340)
[2025-02-11T09:24:10.436Z] [ACTION] Inserted task: title: NYL)GSq"=#rY (ID: 341)
[2025-02-11T09:24:10.442Z] [ACTION] Inserted task: title: jZja#D (ID: 342)
[2025-02-11T09:24:10.448Z] [ACTION] Deleted task: title: RoreAnH (ID: 172)
[2025-02-11T09:24:10.452Z] [ACTION] Inserted task: title: ]2%kJ;CcX_Bjl#w.d[sM (ID: 342)
[2025-02-11T09:24:10.458Z] [ACTION] Inserted task: title: 9#C. (ID: 343)
[2025-02-11T09:24:10.464Z] [ACTION] Inserted task: title: "f<>Sq\Ow|jz6(ice\W (ID: 344)
[2025-02-11T09:24:10.469Z] [ACTION] Inserted task: title: ZP (ID: 345)
[2025-02-11T09:24:10.475Z] [ACTION] Inserted task: title: |Uj){\?/e=&$1sLf/ (ID: 346)
[2025-02-11T09:24:10.482Z] [ACTION] Deleted task: title: V+{QY?gso)_(<I (ID: 137)
[2025-02-11T09:24:10.487Z] [ACTION] Inserted task: title: 1U (ID: 346)
[2025-02-11T09:24:10.495Z] [ACTION] Deleted task: title: _3G#kF#|H[z: (ID: 288)
[2025-02-11T09:24:10.501Z] [ACTION] Deleted task: title: 1pY }Z+ (ID: 116)
[2025-02-11T09:24:10.507Z] [ACTION] Inserted task: title: /8z'u4L7u (ID: 345)
[2025-02-11T09:24:10.515Z] [ACTION] Deleted task: title: "!*PswBDO;:{"e,*Ki5C (ID: 106)
[2025-02-11T09:24:10.522Z] [ACTION] Inserted task: title: L>$,kq (ID: 345)
[2025-02-11T09:24:10.530Z] [ACTION] Inserted task: title: &MPA+kl"HmMJ4JIIXs\ (ID: 346)
[2025-02-11T09:24:10.538Z] [ACTION] Deleted task: title: HY1u(G (ID: 324)
[2025-02-11T09:24:10.544Z] [ACTION] Deleted task: title: ##Xi0jD (ID: 270)
[2025-02-11T09:24:10.548Z] [ACTION] Inserted task: title: HMCQ40;&HY!q (ID: 345)
[2025-02-11T09:24:10.553Z] [ACTION] Inserted task: title: N (ID: 346)
[2025-02-11T09:24:10.559Z] [ACTION] Inserted task: title: Z'i\&}1)s%sl]@'@?1, (ID: 347)
[2025-02-11T09:24:10.565Z] [ACTION] Inserted task: title: p69$2&]zD; (ID: 348)
[2025-02-11T09:24:10.570Z] [ACTION] Deleted task: title: ,@M*b*iqJgR9xE,[ (ID: 225)
[2025-02-11T09:24:10.576Z] [ACTION] Inserted task: title: Q-1^I]F;R (ID: 348)
[2025-02-11T09:24:10.581Z] [ACTION] Inserted task: title: `]NWQlQ%2u6Q]DUYE]k (ID: 349)
[2025-02-11T09:24:10.590Z] [ACTION] Inserted task: title: KVyB (ID: 350)
[2025-02-11T09:24:10.595Z] [ACTION] Inserted task: title: '=F`:20B5/=~ (ID: 351)
[2025-02-11T09:24:10.601Z] [ACTION] Deleted task: title: POe (ID: 156)
[2025-02-11T09:24:10.607Z] [ACTION] Deleted task: title: %11ml@#6qty5 (ID: 304)
[2025-02-11T09:24:10.612Z] [ACTION] Inserted task: title: L>fBVx|H,IPyKM! (ID: 350)
[2025-02-11T09:24:10.617Z] [ACTION] Inserted task: title: kl`tK2~J (ID: 351)
[2025-02-11T09:24:10.622Z] [ACTION] Inserted task: title: efp <@ >9W+b(*1@%l (ID: 352)
[2025-02-11T09:24:10.627Z] [ACTION] Deleted task: title: m (ID: 150)
[2025-02-11T09:24:10.634Z] [ACTION] Deleted task: title: 'rR^I+`Q, (ID: 165)
[2025-02-11T09:24:10.638Z] [ACTION] Deleted task: title: < (ID: 311)
[2025-02-11T09:24:10.643Z] [ACTION] Deleted task: title: oV'jUd"'<jz (ID: 108)
[2025-02-11T09:24:10.647Z] [ACTION] Deleted task: title: pab+~"fC8ev~k. (ID: 301)
[2025-02-11T09:24:10.652Z] [ACTION] Inserted task: title: Zj~h)j8Ja7i:,7UC_RkZ (ID: 348)
[2025-02-11T09:24:10.657Z] [ACTION] Deleted task: title: (Q=z<u`6z#Z}G4jPl|xj (ID: 219)
[2025-02-11T09:24:10.661Z] [ACTION] Deleted task: title: R%)R" (ID: 292)
[2025-02-11T09:24:10.666Z] [ACTION] Inserted task: title: JA<Bs%oz\k~ (ID: 347)
[2025-02-11T09:24:10.671Z] [ACTION] Inserted task: title: 0nE14}\_0'`I{y (ID: 348)
[2025-02-11T09:24:10.678Z] [ACTION] Inserted task: title: CYo9|k(qmP^LM[B,v (ID: 349)
[2025-02-11T09:24:10.683Z] [ACTION] Deleted task: title: zFD$N&c:7\S#}" (ID: 338)
[2025-02-11T09:24:10.688Z] [ACTION] Inserted task: title: BKPuX$n4P50gn_v (ID: 349)
[2025-02-11T09:24:10.693Z] [ACTION] Inserted task: title: 21oM4~sv<<CKYF{ (ID: 350)
[2025-02-11T09:24:10.699Z] [ACTION] Inserted task: title: :_@xj9.7R@8D4]27H (ID: 351)
[2025-02-11T09:24:10.704Z] [ACTION] Inserted task: title: *C7@yP<*DuxgC|'" (ID: 352)
[2025-02-11T09:24:10.710Z] [ACTION] Inserted task: title: @U1 (ID: 353)
[2025-02-11T09:24:10.716Z] [ACTION] Inserted task: title: e (ID: 354)
[2025-02-11T09:24:10.726Z] [ACTION] Inserted task: title: 5F2t`34 (ID: 355)
[2025-02-11T09:24:10.731Z] [ACTION] Deleted task: title: w (ID: 235)
[2025-02-11T09:24:10.735Z] [ACTION] Inserted task: title: oP>Ng ,H~BJwq{p_k (ID: 355)
[2025-02-11T09:24:10.740Z] [ACTION] Deleted task: title: Q`f[U%oB17R*&.9%sL (ID: 67)
[2025-02-11T09:24:10.745Z] [ACTION] Deleted task: title: %x|r!^ij^hlJ!o5pnh/& (ID: 46)
[2025-02-11T09:24:10.750Z] [ACTION] Inserted task: title: K<b0)0et49]ig2t5 (ID: 354)
[2025-02-11T09:24:10.756Z] [ACTION] Inserted task: title: c (ID: 355)
[2025-02-11T09:24:10.763Z] [ACTION] Deleted task: title: gyT^7G1 (ID: 263)
[2025-02-11T09:24:10.768Z] [ACTION] Inserted task: title: y=EBoj09;PG}a. (ID: 355)
[2025-02-11T09:24:10.775Z] [ACTION] Inserted task: title: wPxb;/gqWN5o.v> (ID: 356)
[2025-02-11T09:24:10.781Z] [ACTION] Deleted task: title: v:ml(mXt;-?zrN</m:zr (ID: 244)
[2025-02-11T09:24:10.785Z] [ACTION] Inserted task: title: |z&.qV`Y$LCoZKsC (ID: 356)
[2025-02-11T09:24:10.792Z] [ACTION] Inserted task: title: _WtC%Jk M'1efKk? (ID: 357)
[2025-02-11T09:24:10.798Z] [ACTION] Inserted task: title: O"!9\KD{^^MGe% (ID: 358)
[2025-02-11T09:24:10.804Z] [ACTION] Deleted task: title: *f~NyZA{>? (ID: 238)
[2025-02-11T09:24:10.811Z] [ACTION] Inserted task: title: Kcq1%kfN0(Gk' (ID: 358)
[2025-02-11T09:24:10.818Z] [ACTION] Inserted task: title: \ygD9: (ID: 359)
[2025-02-11T09:24:10.825Z] [ACTION] Inserted task: title: ;"dihB6`-CkNvxVRDp (ID: 360)
[2025-02-11T09:24:10.831Z] [ACTION] Deleted task: title: #V (ID: 100)
[2025-02-11T09:24:10.837Z] [ACTION] Deleted task: title: }SH])N(=ICBi (ID: 225)
[2025-02-11T09:24:10.842Z] [ACTION] Inserted task: title: p`8k\Z (ID: 359)
[2025-02-11T09:24:10.849Z] [ACTION] Inserted task: title: @/nfqwe (ID: 360)
[2025-02-11T09:24:10.855Z] [ACTION] Inserted task: title: 9\'kMH-.-wWuWlq@}u (ID: 361)
[2025-02-11T09:24:10.862Z] [ACTION] Inserted task: title: >xzk* 5XE#85g!xp\p (ID: 362)
[2025-02-11T09:24:10.869Z] [ACTION] Deleted task: title: KoF3'w} 1p/"_l\H}0 (ID: 302)
[2025-02-11T09:24:10.880Z] [ACTION] Deleted task: title: Kcq1%kfN0(Gk' (ID: 358)
[2025-02-11T09:24:10.886Z] [ACTION] Inserted task: title: 4;a+ (ID: 361)
[2025-02-11T09:24:10.891Z] [ACTION] Inserted task: title: K6fp0(0/_g\oj (ID: 362)
[2025-02-11T09:24:10.898Z] [ACTION] Deleted task: title: dA~$(WIh}%+T{Y6F/h3 (ID: 184)
[2025-02-11T09:24:10.903Z] [ACTION] Inserted task: title: JopV Nr+3?q (ID: 362)
[2025-02-11T09:24:10.910Z] [ACTION] Deleted task: title: !uF~wN2Z@O%O-esUmSU (ID: 115)
[2025-02-11T09:24:10.915Z] [ACTION] Inserted task: title: }C=_']q"o (ID: 362)
[2025-02-11T09:24:10.921Z] [ACTION] Inserted task: title: x+NuplNka~X (ID: 363)
[2025-02-11T09:24:10.928Z] [ACTION] Deleted task: title: iC'_{ (ID: 25)
[2025-02-11T09:24:10.933Z] [ACTION] Deleted task: title: K<b0)0et49]ig2t5 (ID: 354)
[2025-02-11T09:24:10.938Z] [ACTION] Inserted task: title: W (ID: 362)
[2025-02-11T09:24:10.945Z] [ACTION] Inserted task: title: Z0DMfP?hLHoel' (ID: 363)
[2025-02-11T09:24:10.952Z] [ACTION] Inserted task: title: K4pctk8 (ID: 364)
[2025-02-11T09:24:10.957Z] [ACTION] Inserted task: title: /K22F|qk3X. (ID: 365)
[2025-02-11T09:24:10.965Z] [ACTION] Inserted task: title: /G8iC!h;& (ID: 366)
[2025-02-11T09:24:10.970Z] [ACTION] Deleted task: title: t (ID: 130)
[2025-02-11T09:24:10.976Z] [ACTION] Inserted task: title: m7;Z@!} (ID: 366)
[2025-02-11T09:24:10.981Z] [ACTION] Deleted task: title: {n*1`Fs-R,)_y<.bZ:'u (ID: 262)
[2025-02-11T09:24:10.986Z] [ACTION] Deleted task: title: 5W|BG (ID: 286)
[2025-02-11T09:24:10.992Z] [ACTION] Inserted task: title: y./m5njbj;HB?hR} (ID: 365)
[2025-02-11T09:24:10.999Z] [ACTION] Inserted task: title: ZuM:5i (ID: 366)
[2025-02-11T09:24:11.006Z] [ACTION] Deleted task: title: wgd}W,mM*}"`iRy' (ID: 301)
[2025-02-11T09:24:11.013Z] [ACTION] Inserted task: title: | (ID: 366)
[2025-02-11T09:24:11.021Z] [ACTION] Inserted task: title: i",1SLNB3+9NPFYR%;T (ID: 367)
[2025-02-11T09:24:11.029Z] [ACTION] Inserted task: title: mJw3)K (ID: 368)
[2025-02-11T09:24:11.041Z] [ACTION] Deleted task: title: 1<Mj (ID: 285)
[2025-02-11T09:24:11.047Z] [ACTION] Deleted task: title: e (ID: 354)
[2025-02-11T09:24:11.052Z] [ACTION] Deleted task: title: 7yKwyHlW-I; (ID: 338)
[2025-02-11T09:24:11.059Z] [ACTION] Deleted task: title: N} (ID: 301)
[2025-02-11T09:24:11.065Z] [ACTION] Inserted task: title: <\)O{C#=XO}. (ID: 365)
[2025-02-11T09:24:11.072Z] [ACTION] Inserted task: title: +.O (ID: 366)
[2025-02-11T09:24:11.079Z] [ACTION] Inserted task: title: vn9hj:IIR?wo@@I (ID: 367)
[2025-02-11T09:24:11.085Z] [ACTION] Inserted task: title: #A5P_]V}4u (ID: 368)
[2025-02-11T09:24:11.091Z] [ACTION] Inserted task: title: xnG%'<#6c (ID: 369)
[2025-02-11T09:24:11.097Z] [ACTION] Deleted task: title: j[lQ (ID: 96)
[2025-02-11T09:24:11.102Z] [ACTION] Inserted task: title: CB*"7"|7*.<S9m-B_i (ID: 369)
[2025-02-11T09:24:11.108Z] [ACTION] Inserted task: title: C@nNSKFV/!n>$<93q^ (ID: 370)
[2025-02-11T09:24:11.113Z] [ACTION] Inserted task: title: TP!_,7 (ID: 371)
[2025-02-11T09:24:11.120Z] [ACTION] Deleted task: title: 3{7X (ID: 27)
[2025-02-11T09:24:11.127Z] [ACTION] Inserted task: title: }<h@CLNz7O\XX? (ID: 371)
[2025-02-11T09:24:11.133Z] [ACTION] Deleted task: title: \ygD9: (ID: 359)
[2025-02-11T09:24:11.138Z] [ACTION] Inserted task: title: <!8b".g (ID: 371)
[2025-02-11T09:24:11.144Z] [ACTION] Deleted task: title: aC (ID: 268)
[2025-02-11T09:24:11.149Z] [ACTION] Inserted task: title: F^.f7eR>$6?j`1h4Fg (ID: 371)
[2025-02-11T09:24:11.154Z] [ACTION] Inserted task: title: }b%jEW_Cs/ (ID: 372)
[2025-02-11T09:24:11.159Z] [ACTION] Deleted task: title: RA,3lLP7zWA (ID: 300)
[2025-02-11T09:24:11.164Z] [ACTION] Inserted task: title: CF=:Fk_he%ktHVb!JGx7 (ID: 372)
[2025-02-11T09:24:11.170Z] [ACTION] Deleted task: title: |Uj){\?/e=&$1sLf/ (ID: 346)
[2025-02-11T09:24:11.175Z] [ACTION] Inserted task: title: \!6WkM*9 (ID: 372)
[2025-02-11T09:24:11.181Z] [ACTION] Inserted task: title: _m"^osj_&=Y)[m7 (ID: 373)
[2025-02-11T09:24:11.189Z] [ACTION] Inserted task: title: }0FK1{GuCO[E"0Q (ID: 374)
[2025-02-11T09:24:11.194Z] [ACTION] Inserted task: title: 0)1p|^A ^T5HJc (ID: 375)
[2025-02-11T09:24:11.200Z] [ACTION] Inserted task: title: ] (ID: 376)
[2025-02-11T09:24:11.206Z] [ACTION] Deleted task: title: eb!b%~puA}P (ID: 98)
[2025-02-11T09:24:11.212Z] [ACTION] Deleted task: title: ^T*kLO*g&/6 (ID: 291)
[2025-02-11T09:24:11.216Z] [ACTION] Inserted task: title: ~ (ID: 375)
[2025-02-11T09:24:11.222Z] [ACTION] Deleted task: title: >^! oBy (ID: 242)
[2025-02-11T09:24:11.227Z] [ACTION] Deleted task: title: I{]PHPxArSv1d (ID: 186)
[2025-02-11T09:24:11.232Z] [ACTION] Inserted task: title: }uFYHbq (ID: 374)
[2025-02-11T09:24:11.239Z] [ACTION] Inserted task: title: @cc'WV (ID: 375)
[2025-02-11T09:24:11.245Z] [ACTION] Inserted task: title: {wk{`"ZU-QUT (ID: 376)
[2025-02-11T09:24:11.251Z] [ACTION] Inserted task: title: [RVN4JI>nFWP8793w (ID: 377)
[2025-02-11T09:24:11.258Z] [ACTION] Inserted task: title: ZlXw4d,Gqs3X (ID: 378)
[2025-02-11T09:24:11.265Z] [ACTION] Deleted task: title: +\=) (ID: 131)
[2025-02-11T09:24:11.271Z] [ACTION] Deleted task: title: Zj~h)j8Ja7i:,7UC_RkZ (ID: 348)
[2025-02-11T09:24:11.278Z] [ACTION] Inserted task: title: -:.N^?qf10"p&DMh, (ID: 377)
[2025-02-11T09:24:11.286Z] [ACTION] Deleted task: title: _mLB*Pi&5atzHKCu (ID: 204)
[2025-02-11T09:24:11.292Z] [ACTION] Inserted task: title: (3kL. (ID: 377)
[2025-02-11T09:24:11.298Z] [ACTION] Inserted task: title: k]AP$c#@th (ID: 378)
[2025-02-11T09:24:11.304Z] [ACTION] Deleted task: title: PX1,;~ (ID: 125)
[2025-02-11T09:24:11.310Z] [ACTION] Deleted task: title: >0 (ID: 167)
[2025-02-11T09:24:11.316Z] [ACTION] Deleted task: title: F0{Sy3G (ID: 190)
[2025-02-11T09:24:11.321Z] [ACTION] Inserted task: title: 3EVd}-t1VQU|xDl+ (ID: 376)
[2025-02-11T09:24:11.327Z] [ACTION] Inserted task: title: T9 (ID: 377)
[2025-02-11T09:24:11.335Z] [ACTION] Inserted task: title: hP4Iwb.6+TGsUMo{r} (ID: 378)
[2025-02-11T09:24:11.342Z] [ACTION] Inserted task: title: "7e[* (ID: 379)
[2025-02-11T09:24:11.348Z] [ACTION] Deleted task: title: "8AvN7]NM/KVPV" (ID: 300)
[2025-02-11T09:24:11.353Z] [ACTION] Deleted task: title: F^.f7eR>$6?j`1h4Fg (ID: 371)
[2025-02-11T09:24:11.359Z] [ACTION] Deleted task: title: efp <@ >9W+b(*1@%l (ID: 352)
[2025-02-11T09:24:11.364Z] [ACTION] Deleted task: title: F @ Sb (ID: 203)
[2025-02-11T09:24:11.369Z] [ACTION] Deleted task: title: @U1 (ID: 353)
[2025-02-11T09:24:11.375Z] [ACTION] Inserted task: title: JsI<2>XD (ID: 375)
[2025-02-11T09:24:11.381Z] [ACTION] Inserted task: title: t2/*u6edgt!!uyd:op (ID: 376)
[2025-02-11T09:24:11.387Z] [ACTION] Inserted task: title: zU3ZLV8=@p %7&pUuKO (ID: 377)
[2025-02-11T09:24:11.392Z] [ACTION] Inserted task: title: .oQr (ID: 378)
[2025-02-11T09:24:11.399Z] [ACTION] Inserted task: title: Rp&<8RYw{Xo!@ YR (ID: 379)
[2025-02-11T09:24:11.405Z] [ACTION] Deleted task: title: !+fI"SXlfyAr-Vk_Xe (ID: 252)
[2025-02-11T09:24:11.410Z] [ACTION] Inserted task: title: gdaPE?P6@[c7Z (ID: 379)
[2025-02-11T09:24:11.417Z] [ACTION] Inserted task: title: 6 (ID: 380)
[2025-02-11T09:24:11.423Z] [ACTION] Deleted task: title: )7$v8*Egj8t]piR (ID: 130)
[2025-02-11T09:24:11.428Z] [ACTION] Inserted task: title: II0-/6W (ID: 380)
[2025-02-11T09:24:11.435Z] [ACTION] Inserted task: title: =.JPVSO%VOP=NF@ (ID: 381)
[2025-02-11T09:24:11.441Z] [ACTION] Inserted task: title: cx"w (ID: 382)
[2025-02-11T09:24:11.448Z] [ACTION] Deleted task: title: DNL0<CO{2SaE\k (ID: 327)
[2025-02-11T09:24:11.454Z] [ACTION] Inserted task: title: Rm(~y<P (ID: 382)
[2025-02-11T09:24:11.460Z] [ACTION] Inserted task: title: 8wk^dbS6|It !g6D%ZP (ID: 383)
[2025-02-11T09:24:11.467Z] [ACTION] Inserted task: title: F (ID: 384)
[2025-02-11T09:24:11.474Z] [ACTION] Deleted task: title: `Q({_eU@;EzZ (ID: 237)
[2025-02-11T09:24:11.480Z] [ACTION] Inserted task: title: u=?+=K-Wr;NK' (ID: 384)
[2025-02-11T09:24:11.490Z] [ACTION] Inserted task: title: `bQ+e98)!miU"Yv=5 (ID: 385)
[2025-02-11T09:24:11.499Z] [ACTION] Inserted task: title: r>|"?/ (ID: 386)
[2025-02-11T09:24:11.506Z] [ACTION] Inserted task: title: wbVKLLTYq{'\1p (ID: 387)
[2025-02-11T09:24:11.513Z] [ACTION] Inserted task: title: Y_S&>[&0g`Z (ID: 388)
[2025-02-11T09:24:11.521Z] [ACTION] Inserted task: title: C"lN)msNfl9 (ID: 389)
[2025-02-11T09:24:11.529Z] [ACTION] Deleted task: title: R_f)pEuiyv| (ID: 268)
[2025-02-11T09:24:11.537Z] [ACTION] Inserted task: title: Xv1 (ID: 389)
[2025-02-11T09:24:11.544Z] [ACTION] Inserted task: title: |VqrePGi4 (ID: 390)
[2025-02-11T09:24:11.550Z] [ACTION] Inserted task: title: &C49TXTu|C?h3| (ID: 391)
[2025-02-11T09:24:11.556Z] [ACTION] Inserted task: title: -YlMGpy- (ID: 392)
[2025-02-11T09:24:11.563Z] [ACTION] Deleted task: title: lhP1 (ID: 250)
[2025-02-11T09:24:11.569Z] [ACTION] Deleted task: title: B&!Gn.HIv93vkJXxfwy (ID: 325)
[2025-02-11T09:24:11.575Z] [ACTION] Deleted task: title: 6 (ID: 380)
[2025-02-11T09:24:11.581Z] [ACTION] Inserted task: title: ;P%vn#i9kWhcH!: (ID: 390)
[2025-02-11T09:24:11.588Z] [ACTION] Inserted task: title: KK5 (ID: 391)
[2025-02-11T09:24:11.595Z] [ACTION] Inserted task: title: fJ (ID: 392)
[2025-02-11T09:24:11.602Z] [ACTION] Inserted task: title: CwT\56=~c#!*fGtb (ID: 393)
[2025-02-11T09:24:11.608Z] [ACTION] Deleted task: title: ]2%kJ;CcX_Bjl#w.d[sM (ID: 342)
[2025-02-11T09:24:11.614Z] [ACTION] Inserted task: title: _wiM{k)3]v (ID: 393)
[2025-02-11T09:24:11.621Z] [ACTION] Inserted task: title: ersf%>?~,voWL (ID: 394)
[2025-02-11T09:24:11.628Z] [ACTION] Inserted task: title: f}kcM?_J?}X~SJ (ID: 395)
[2025-02-11T09:24:11.634Z] [ACTION] Inserted task: title: #; (ID: 396)
[2025-02-11T09:24:11.641Z] [ACTION] Inserted task: title: Zi<}M@l9 (ID: 397)
[2025-02-11T09:24:11.648Z] [ACTION] Inserted task: title: !S$J/W8!` (ID: 398)
[2025-02-11T09:24:11.659Z] [ACTION] Inserted task: title: '3L9d[> (ID: 399)
[2025-02-11T09:24:11.665Z] [ACTION] Inserted task: title: 9G (ID: 400)
[2025-02-11T09:24:11.671Z] [ACTION] Inserted task: title: Jl2fi/wCeQ|&tq?,Tn (ID: 401)
[2025-02-11T09:24:11.677Z] [ACTION] Inserted task: title: s=~O)#6xP@)o (ID: 402)
[2025-02-11T09:24:11.683Z] [ACTION] Deleted task: title: S]5GSr,P G (ID: 155)
[2025-02-11T09:24:11.689Z] [ACTION] Inserted task: title: *tjB#yJYQUnj4 (ID: 402)
[2025-02-11T09:24:11.695Z] [ACTION] Inserted task: title:  q\~\.m/K4R9=&~g_V (ID: 403)
[2025-02-11T09:24:11.701Z] [ACTION] Deleted task: title: wZzE":Q^U!LXl (ID: 284)
[2025-02-11T09:24:11.706Z] [ACTION] Inserted task: title: zWNQ;-63 (ID: 403)
[2025-02-11T09:24:11.713Z] [ACTION] Inserted task: title: ,-@|-5QIN0f (ID: 404)
[2025-02-11T09:24:11.719Z] [ACTION] Deleted task: title: /K22F|qk3X. (ID: 365)
[2025-02-11T09:24:11.726Z] [ACTION] Inserted task: title: $hL&" yW*TJk0 (ID: 404)
[2025-02-11T09:24:11.732Z] [ACTION] Inserted task: title: -!bQP^ (ID: 405)
[2025-02-11T09:24:11.739Z] [ACTION] Inserted task: title: yX-J"O+u8w()$[2 (ID: 406)
[2025-02-11T09:24:11.746Z] [ACTION] Deleted task: title: R/i"z~ (ID: 33)
[2025-02-11T09:24:11.752Z] [ACTION] Inserted task: title: -!C#PwjUBu (ID: 406)
[2025-02-11T09:24:11.759Z] [ACTION] Inserted task: title: E?cN[qiJ (ID: 407)
[2025-02-11T09:24:11.766Z] [ACTION] Inserted task: title: .?r9a^D"}_t/ (ID: 408)
[2025-02-11T09:24:11.773Z] [ACTION] Inserted task: title: %A (ID: 409)
[2025-02-11T09:24:11.779Z] [ACTION] Inserted task: title: _=g2i.R\81R)iYA/ (ID: 410)
[2025-02-11T09:24:11.786Z] [ACTION] Inserted task: title: J (ID: 411)
[2025-02-11T09:24:11.794Z] [ACTION] Deleted task: title: JsI<2>XD (ID: 375)
[2025-02-11T09:24:11.800Z] [ACTION] Inserted task: title: f>='?2GK= (ID: 411)
[2025-02-11T09:24:11.807Z] [ACTION] Inserted task: title: mSD[f~uB?Oxy12QHX (ID: 412)
[2025-02-11T09:24:11.818Z] [ACTION] Inserted task: title: B"l|>^YX-/+gr& j"}B (ID: 413)
[2025-02-11T09:24:11.825Z] [ACTION] Inserted task: title: IjF}I%4^B]&U!N(Z@1<+ (ID: 414)
[2025-02-11T09:24:11.832Z] [ACTION] Deleted task: title: =~]OOwd}L (ID: 276)
[2025-02-11T09:24:11.838Z] [ACTION] Inserted task: title: B (ID: 414)
[2025-02-11T09:24:11.845Z] [ACTION] Deleted task: title: R2Kydz+sRWIG (ID: 305)
[2025-02-11T09:24:11.850Z] [ACTION] Deleted task: title: TO_H`y@Q (ID: 71)
[2025-02-11T09:24:11.856Z] [ACTION] Inserted task: title: ?BTCpb4SsII#z (ID: 413)
[2025-02-11T09:24:11.863Z] [ACTION] Inserted task: title: 9&6iKKk`#re-F$i (ID: 414)
[2025-02-11T09:24:11.869Z] [ACTION] Inserted task: title: pXo|Vp3XPyU (ID: 415)
[2025-02-11T09:24:11.875Z] [ACTION] Deleted task: title: y=EBoj09;PG}a. (ID: 355)
[2025-02-11T09:24:11.882Z] [ACTION] Inserted task: title: AZoo-2uEyW;% (ID: 415)
[2025-02-11T09:24:11.888Z] [ACTION] Deleted task: title: t}~Lza)Sx (ID: 280)
[2025-02-11T09:24:11.894Z] [ACTION] Inserted task: title: &ukb+1Ky^/'I1V /9 (ID: 415)
[2025-02-11T09:24:11.900Z] [ACTION] Inserted task: title: IE1)v (ID: 416)
[2025-02-11T09:24:11.907Z] [ACTION] Inserted task: title: &/7 (ID: 417)
[2025-02-11T09:24:11.913Z] [ACTION] Deleted task: title: [\''J`x.oOk=XbGp (ID: 54)
[2025-02-11T09:24:11.919Z] [ACTION] Inserted task: title: ;<^Z(uwVw]f2COr 6l;$ (ID: 417)
[2025-02-11T09:24:11.927Z] [ACTION] Inserted task: title: MN0e (ID: 418)
[2025-02-11T09:24:11.933Z] [ACTION] Inserted task: title: YcoG7 (ID: 419)
[2025-02-11T09:24:11.940Z] [ACTION] Inserted task: title: or"enO ,k=27;vLb>W (ID: 420)
[2025-02-11T09:24:11.948Z] [ACTION] Deleted task: title: =C=xoUO9 (ID: 311)
[2025-02-11T09:24:11.954Z] [ACTION] Inserted task: title: IT'QwACU (ID: 420)
[2025-02-11T09:24:11.962Z] [ACTION] Inserted task: title: 2GG**9lMGM!|o;/ (ID: 421)
[2025-02-11T09:24:11.969Z] [ACTION] Deleted task: title: C"lN)msNfl9 (ID: 389)
[2025-02-11T09:24:11.980Z] [ACTION] Inserted task: title: kSu{!N}g7*yu!wR (ID: 421)
[2025-02-11T09:24:11.987Z] [ACTION] Inserted task: title: ?J^6:jPo1(E|]M6 (ID: 422)
[2025-02-11T09:24:11.993Z] [ACTION] Inserted task: title: UL{fV (ID: 423)
[2025-02-11T09:24:12.001Z] [ACTION] Inserted task: title: vS (ID: 424)
[2025-02-11T09:24:12.008Z] [ACTION] Inserted task: title: U:d>}bS?[~2lcnK (ID: 425)
[2025-02-11T09:24:12.016Z] [ACTION] Inserted task: title: $sMM.";(9y. lM,, (ID: 426)
[2025-02-11T09:24:12.025Z] [ACTION] Deleted task: title: +v>qY@ (ID: 58)
[2025-02-11T09:24:12.034Z] [ACTION] Inserted task: title: _jaKW%})ZJg)1 (ID: 426)
[2025-02-11T09:24:12.047Z] [ACTION] Inserted task: title: 1:K#{F34mu|%6r5/ (ID: 427)
[2025-02-11T09:24:12.055Z] [ACTION] Deleted task: title: /8z'u4L7u (ID: 345)
[2025-02-11T09:24:12.062Z] [ACTION] Inserted task: title: _2K:A@])+QV:UY&D7& (ID: 427)
[2025-02-11T09:24:12.069Z] [ACTION] Inserted task: title: o]d80Ge#=mo_ (ID: 428)
[2025-02-11T09:24:12.077Z] [ACTION] Inserted task: title: ts!I8*V$6uuUB$% (ID: 429)
[2025-02-11T09:24:12.083Z] [ACTION] Inserted task: title: +Cd_v!R!\U:yad (ID: 430)
[2025-02-11T09:24:12.090Z] [ACTION] Inserted task: title: GWG (ID: 431)
[2025-02-11T09:24:12.096Z] [ACTION] Deleted task: title: KK5 (ID: 391)
[2025-02-11T09:24:12.102Z] [ACTION] Inserted task: title: oBn*F9cx5i$%)1b8S\5_ (ID: 431)
[2025-02-11T09:24:12.108Z] [ACTION] Inserted task: title: -+ (ID: 432)
[2025-02-11T09:24:12.115Z] [ACTION] Inserted task: title: l:2E~M]V~0m_d0i (ID: 433)
[2025-02-11T09:24:12.121Z] [ACTION] Inserted task: title: P (ID: 434)
[2025-02-11T09:24:12.128Z] [ACTION] Inserted task: title: w[-m8zAxT^L1?E (ID: 435)
[2025-02-11T09:24:12.134Z] [ACTION] Inserted task: title: MyAc6pBM^lc~`a (ID: 436)
[2025-02-11T09:24:12.140Z] [ACTION] Inserted task: title: p{l3G/H|Gu&'G2A^6s$/ (ID: 437)
[2025-02-11T09:24:12.151Z] [ACTION] Deleted task: title: *nQ (ID: 269)
[2025-02-11T09:24:12.173Z] [ACTION] Inserted task: title: )n@-)w`&*:y>+HKv (ID: 437)
[2025-02-11T09:24:12.186Z] [ACTION] Deleted task: title: &ukb+1Ky^/'I1V /9 (ID: 415)
[2025-02-11T09:24:12.193Z] [ACTION] Inserted task: title: d84U2 (ID: 437)
[2025-02-11T09:24:12.200Z] [ACTION] Deleted task: title: }b%jEW_Cs/ (ID: 372)
[2025-02-11T09:24:12.205Z] [ACTION] Inserted task: title: 'd^kD#?.-Zc"XTdrg|47 (ID: 437)
[2025-02-11T09:24:12.211Z] [ACTION] Inserted task: title: Z``^9Ye#! N=eh (ID: 438)
[2025-02-11T09:24:12.217Z] [ACTION] Deleted task: title: +@b.N59{b@HWiu|X (ID: 231)
[2025-02-11T09:24:12.221Z] [ACTION] Inserted task: title: #Q?Qk?jE (ID: 438)
[2025-02-11T09:24:12.227Z] [ACTION] Inserted task: title: H-|WV3q#!qKImrQ?IHy (ID: 439)
[2025-02-11T09:24:12.232Z] [ACTION] Deleted task: title: <\)O{C#=XO}. (ID: 365)
[2025-02-11T09:24:12.237Z] [ACTION] Deleted task: title: B"l|>^YX-/+gr& j"}B (ID: 413)
[2025-02-11T09:24:12.241Z] [ACTION] Inserted task: title: yBPf- (ID: 438)
[2025-02-11T09:24:12.247Z] [ACTION] Deleted task: title: MyAc6pBM^lc~`a (ID: 436)
[2025-02-11T09:24:12.252Z] [ACTION] Inserted task: title: [xCafeQF=jj7z'.@9Q"m (ID: 438)
[2025-02-11T09:24:12.257Z] [ACTION] Inserted task: title: @A7sSgSRO+TJrJn7/=zm (ID: 439)
[2025-02-11T09:24:12.262Z] [ACTION] Inserted task: title: kjM?8]3Y%JwZ~_pSvL (ID: 440)
[2025-02-11T09:24:12.267Z] [ACTION] Inserted task: title: a8l (ID: 441)
[2025-02-11T09:24:12.272Z] [ACTION] Inserted task: title: W9)O4 (ID: 442)
[2025-02-11T09:24:12.278Z] [ACTION] Inserted task: title: IZ9a0Al (ID: 443)
[2025-02-11T09:24:12.283Z] [ACTION] Deleted task: title: nBOuoU$sQ?P >M (ID: 279)
[2025-02-11T09:24:12.288Z] [ACTION] Deleted task: title: A_bhjyKsLC}Al=epjoWa (ID: 233)
[2025-02-11T09:24:12.294Z] [ACTION] Inserted task: title: 7 (ID: 442)
[2025-02-11T09:24:12.300Z] [ACTION] Deleted task: title: |Vo_= (ID: 217)
[2025-02-11T09:24:12.305Z] [ACTION] Inserted task: title: 1:|,giQgl (ID: 442)
[2025-02-11T09:24:12.312Z] [ACTION] Deleted task: title: Gb==~/Q|2WEx (ID: 296)
[2025-02-11T09:24:12.317Z] [ACTION] Inserted task: title: 7Q (ID: 442)
[2025-02-11T09:24:12.322Z] [ACTION] Inserted task: title: f5'UsyWfJG,| (ID: 443)
[2025-02-11T09:24:12.329Z] [ACTION] Deleted task: title: jZja#D (ID: 342)
[2025-02-11T09:24:12.335Z] [ACTION] Inserted task: title: vFpY)5 (ID: 443)
[2025-02-11T09:24:12.342Z] [ACTION] Deleted task: title: G{yz\NYri (ID: 304)
